Archive member included to satisfy reference by file (symbol)

/opt/devkitpro/libogc/lib/wii/libwiiuse.a(wpad.o)
                              main.o (WPAD_Init)
/opt/devkitpro/libogc/lib/wii/libwiiuse.a(motion_plus.o)
                              /opt/devkitpro/libogc/lib/wii/libwiiuse.a(wpad.o) (wiiuse_set_motion_plus)
/opt/devkitpro/libogc/lib/wii/libwiiuse.a(dynamics.o)
                              /opt/devkitpro/libogc/lib/wii/libwiiuse.a(wpad.o) (calculate_gforce)
/opt/devkitpro/libogc/lib/wii/libwiiuse.a(io.o)
                              /opt/devkitpro/libogc/lib/wii/libwiiuse.a(motion_plus.o) (wiiuse_disable_expansion)
/opt/devkitpro/libogc/lib/wii/libwiiuse.a(io_wii.o)
                              /opt/devkitpro/libogc/lib/wii/libwiiuse.a(wpad.o) (__wiiuse_sensorbar_enable)
/opt/devkitpro/libogc/lib/wii/libwiiuse.a(ir.o)
                              /opt/devkitpro/libogc/lib/wii/libwiiuse.a(motion_plus.o) (wiiuse_set_ir_mode)
/opt/devkitpro/libogc/lib/wii/libwiiuse.a(nunchuk.o)
                              /opt/devkitpro/libogc/lib/wii/libwiiuse.a(io.o) (nunchuk_handshake)
/opt/devkitpro/libogc/lib/wii/libwiiuse.a(wiiboard.o)
                              /opt/devkitpro/libogc/lib/wii/libwiiuse.a(io.o) (wii_board_handshake)
/opt/devkitpro/libogc/lib/wii/libwiiuse.a(wiiuse.o)
                              /opt/devkitpro/libogc/lib/wii/libwiiuse.a(wpad.o) (wiiuse_init)
/opt/devkitpro/libogc/lib/wii/libwiiuse.a(speaker.o)
                              /opt/devkitpro/libogc/lib/wii/libwiiuse.a(wpad.o) (wencdata)
/opt/devkitpro/libogc/lib/wii/libwiiuse.a(classic.o)
                              /opt/devkitpro/libogc/lib/wii/libwiiuse.a(io.o) (classic_ctrl_handshake)
/opt/devkitpro/libogc/lib/wii/libwiiuse.a(events.o)
                              /opt/devkitpro/libogc/lib/wii/libwiiuse.a(io_wii.o) (parse_event)
/opt/devkitpro/libogc/lib/wii/libwiiuse.a(guitar_hero_3.o)
                              /opt/devkitpro/libogc/lib/wii/libwiiuse.a(io.o) (guitar_hero_3_handshake)
/opt/devkitpro/libogc/lib/wii/libbte.a(bte.o)
                              /opt/devkitpro/libogc/lib/wii/libwiiuse.a(wpad.o) (BTE_Init)
/opt/devkitpro/libogc/lib/wii/libbte.a(hci.o)
                              /opt/devkitpro/libogc/lib/wii/libbte.a(bte.o) (hci_init)
/opt/devkitpro/libogc/lib/wii/libbte.a(l2cap.o)
                              /opt/devkitpro/libogc/lib/wii/libbte.a(bte.o) (l2cap_init)
/opt/devkitpro/libogc/lib/wii/libbte.a(btmemb.o)
                              /opt/devkitpro/libogc/lib/wii/libbte.a(bte.o) (btmemb_init)
/opt/devkitpro/libogc/lib/wii/libbte.a(btmemr.o)
                              /opt/devkitpro/libogc/lib/wii/libbte.a(hci.o) (btmemr_init)
/opt/devkitpro/libogc/lib/wii/libbte.a(btpbuf.o)
                              /opt/devkitpro/libogc/lib/wii/libbte.a(hci.o) (btpbuf_init)
/opt/devkitpro/libogc/lib/wii/libbte.a(physbusif.o)
                              /opt/devkitpro/libogc/lib/wii/libbte.a(bte.o) (physbusif_init)
/opt/devkitpro/libogc/lib/wii/libogc.a(lwp_queue.o)
                              /opt/devkitpro/libogc/lib/wii/libwiiuse.a(io_wii.o) (__lwp_queue_initialize)
/opt/devkitpro/libogc/lib/wii/libogc.a(lwp_threads.o)
                              /opt/devkitpro/libogc/lib/wii/libwiiuse.a(wpad.o) (_thread_dispatch_disable_level)
/opt/devkitpro/libogc/lib/wii/libogc.a(lwp.o)
                              /opt/devkitpro/libogc/lib/wii/libbte.a(bte.o) (LWP_InitQueue)
/opt/devkitpro/libogc/lib/wii/libogc.a(lwp_handler.o)
                              /opt/devkitpro/libogc/lib/wii/libogc.a(lwp_threads.o) (_cpu_context_save_fp)
/opt/devkitpro/libogc/lib/wii/libogc.a(lwp_stack.o)
                              /opt/devkitpro/libogc/lib/wii/libogc.a(lwp_threads.o) (__lwp_stack_allocate)
/opt/devkitpro/libogc/lib/wii/libogc.a(lwp_watchdog.o)
                              /opt/devkitpro/libogc/lib/wii/libogc.a(lwp_threads.o) (__lwp_wd_insert)
/opt/devkitpro/libogc/lib/wii/libogc.a(lwp_wkspace.o)
                              /opt/devkitpro/libogc/lib/wii/libwiiuse.a(motion_plus.o) (__wkspace_heap)
/opt/devkitpro/libogc/lib/wii/libogc.a(lwp_objmgr.o)
                              /opt/devkitpro/libogc/lib/wii/libogc.a(lwp.o) (__lwp_objmgr_initinfo)
/opt/devkitpro/libogc/lib/wii/libogc.a(lwp_heap.o)
                              /opt/devkitpro/libogc/lib/wii/libogc.a(lwp_wkspace.o) (__lwp_heap_init)
/opt/devkitpro/libogc/lib/wii/libogc.a(sys_state.o)
                              /opt/devkitpro/libogc/lib/wii/libogc.a(lwp_threads.o) (_sys_state_curr)
/opt/devkitpro/libogc/lib/wii/libogc.a(irq.o)
                              /opt/devkitpro/libogc/lib/wii/libwiiuse.a(io_wii.o) (IRQ_Disable)
/opt/devkitpro/libogc/lib/wii/libogc.a(video.o)
                              main.o (VIDEO_Configure)
/opt/devkitpro/libogc/lib/wii/libogc.a(system.o)
                              /opt/devkitpro/libogc/lib/wii/libwiiuse.a(wpad.o) (__SYS_DoPowerCB)
/opt/devkitpro/libogc/lib/wii/libogc.a(system_asm.o)
[...]
Memory Configuration

Name             Origin             Length             Attributes
*default*        0x0000000000000000 0xffffffffffffffff

Linker script and memory map

                0x0000000000003400                . = 0x3400

.stub
 *(.stub)
                0x0000000080004000                . = 0x80004000

.init           0x0000000080004000      0x194
 *crt0.o(*.init)
 .init          0x0000000080004000      0x170 /opt/devkitpro/libogc/lib/wii/libogc.a(ogc_crt0.o)
                0x0000000080004000                _start
                0x0000000080004140                _memset
 *(.init)
 .init          0x0000000080004170        0xc /opt/devkitpro/devkitPPC/bin/../lib/gcc/powerpc-eabi/11.1.0/ecrti.o
                0x0000000080004170                __init
 .init          0x000000008000417c        0x4 /opt/devkitpro/devkitPPC/bin/../lib/gcc/powerpc-eabi/11.1.0/crtbegin.o
 .init          0x0000000080004180        0x4 /opt/devkitpro/devkitPPC/bin/../lib/gcc/powerpc-eabi/11.1.0/crtend.o
 .init          0x0000000080004184       0x10 /opt/devkitpro/devkitPPC/bin/../lib/gcc/powerpc-eabi/11.1.0/ecrtn.o

.rela.dyn       0x0000000080004194        0x0
 .rela.iplt     0x0000000080004194        0x0 /opt/devkitpro/devkitPPC/bin/../lib/gcc/powerpc-eabi/11.1.0/crtbegin.o

.plt
 *(.plt)

.interp
 *(.interp)

.hash
 *(.hash)

.dynsym
 *(.dynsym)

.dynstr
 *(.dynstr)

.gnu.version
 *(.gnu.version)

.gnu.version_d
 *(.gnu.version_d)

.gnu.version_r
 *(.gnu.version_r)

.rel.init
 *(.rel.init)

.rela.init      0x0000000080004194        0x0
 *(.rela.init)
 .rela.init     0x0000000080004194        0x0 /opt/devkitpro/devkitPPC/bin/../lib/gcc/powerpc-eabi/11.1.0/crtbegin.o

.rel.text
 *(.rel.text .rel.text.* .rel.gnu.linkonce.t.*)

.rela.text      0x0000000080004194        0x0
 *(.rela.text .rela.text.* .rela.gnu.linkonce.t.*)
 .rela.text._ZN5World13AllocateActorEt
                0x0000000080004194        0x0 /opt/devkitpro/devkitPPC/bin/../lib/gcc/powerpc-eabi/11.1.0/crtbegin.o
 .rela.text._ZN5ActorC2ER5World
                0x0000000080004194        0x0 /opt/devkitpro/devkitPPC/bin/../lib/gcc/powerpc-eabi/11.1.0/crtbegin.o
 .rela.text._Z10DrawActionR5Actor
                0x0000000080004194        0x0 /opt/devkitpro/devkitPPC/bin/../lib/gcc/powerpc-eabi/11.1.0/crtbegin.o
 .rela.text.startup.main
                0x0000000080004194        0x0 /opt/devkitpro/devkitPPC/bin/../lib/gcc/powerpc-eabi/11.1.0/crtbegin.o
 .rela.text.__lwp_sysinit
                0x0000000080004194        0x0 /opt/devkitpro/devkitPPC/bin/../lib/gcc/powerpc-eabi/11.1.0/crtbegin.o
 .rela.text.__irq_init
                0x0000000080004194        0x0 /opt/devkitpro/devkitPPC/bin/../lib/gcc/powerpc-eabi/11.1.0/crtbegin.o
 .rela.text.SYS_Init
                0x0000000080004194        0x0 /opt/devkitpro/devkitPPC/bin/../lib/gcc/powerpc-eabi/11.1.0/crtbegin.o
 .rela.text.__GX_InitRevBits
                0x0000000080004194        0x0 /opt/devkitpro/devkitPPC/bin/../lib/gcc/powerpc-eabi/11.1.0/crtbegin.o
 .rela.text.__GXDefTexRegionCallback
                0x0000000080004194        0x0 /opt/devkitpro/devkitPPC/bin/../lib/gcc/powerpc-eabi/11.1.0/crtbegin.o
 .rela.text.__GXDefTlutRegionCallback
                0x0000000080004194        0x0 /opt/devkitpro/devkitPPC/bin/../lib/gcc/powerpc-eabi/11.1.0/crtbegin.o
 .rela.text.__SetSURegs
                0x0000000080004194        0x0 /opt/devkitpro/devkitPPC/bin/../lib/gcc/powerpc-eabi/11.1.0/crtbegin.o
 .rela.text.__SETVCDATTR
                0x0000000080004194        0x0 /opt/devkitpro/devkitPPC/bin/../lib/gcc/powerpc-eabi/11.1.0/crtbegin.o
 .rela.text.__SETVCDFMT
                0x0000000080004194        0x0 /opt/devkitpro/devkitPPC/bin/../lib/gcc/powerpc-eabi/11.1.0/crtbegin.o
 .rela.text.__GXCPInterruptHandler
                0x0000000080004194        0x0 /opt/devkitpro/devkitPPC/bin/../lib/gcc/powerpc-eabi/11.1.0/crtbegin.o
 .rela.text.GX_SetTexCoordGen2.part.0
                0x0000000080004194        0x0 /opt/devkitpro/devkitPPC/bin/../lib/gcc/powerpc-eabi/11.1.0/crtbegin.o
 .rela.text.__GX_SetDirtyState
                0x0000000080004194        0x0 /opt/devkitpro/devkitPPC/bin/../lib/gcc/powerpc-eabi/11.1.0/crtbegin.o
 .rela.text.GX_SetCPUFifo
                0x0000000080004194        0x0 /opt/devkitpro/devkitPPC/bin/../lib/gcc/powerpc-eabi/11.1.0/crtbegin.o
 .rela.text.GX_SetGPFifo
                0x0000000080004194        0x0 /opt/devkitpro/devkitPPC/bin/../lib/gcc/powerpc-eabi/11.1.0/crtbegin.o
 .rela.text.GX_AbortFrame
                0x0000000080004194        0x0 /opt/devkitpro/devkitPPC/bin/../lib/gcc/powerpc-eabi/11.1.0/crtbegin.o
 .rela.text.__gx_onreset
                0x0000000080004194        0x0 /opt/devkitpro/devkitPPC/bin/../lib/gcc/powerpc-eabi/11.1.0/crtbegin.o
 .rela.text.GX_DrawDone
                0x0000000080004194        0x0 /opt/devkitpro/devkitPPC/bin/../lib/gcc/powerpc-eabi/11.1.0/crtbegin.o
 .rela.text.GX_SetDispCopyGamma
                0x0000000080004194        0x0 /opt/devkitpro/devkitPPC/bin/../lib/gcc/powerpc-eabi/11.1.0/crtbegin.o
 .rela.text.GX_SetDispCopyYScale
                0x0000000080004194        0x0 /opt/devkitpro/devkitPPC/bin/../lib/gcc/powerpc-eabi/11.1.0/crtbegin.o
 .rela.text.GX_SetDispCopyDst
                0x0000000080004194        0x0 /opt/devkitpro/devkitPPC/bin/../lib/gcc/powerpc-eabi/11.1.0/crtbegin.o
 .rela.text.GX_SetDispCopySrc
                0x0000000080004194        0x0 /opt/devkitpro/devkitPPC/bin/../lib/gcc/powerpc-eabi/11.1.0/crtbegin.o
 .rela.text.GX_CopyDisp
                0x0000000080004194        0x0 /opt/devkitpro/devkitPPC/bin/../lib/gcc/powerpc-eabi/11.1.0/crtbegin.o
 .rela.text.GX_SetVtxDesc
                0x0000000080004194        0x0 /opt/devkitpro/devkitPPC/bin/../lib/gcc/powerpc-eabi/11.1.0/crtbegin.o
 .rela.text.GX_SetVtxAttrFmt
                0x0000000080004194        0x0 /opt/devkitpro/devkitPPC/bin/../lib/gcc/powerpc-eabi/11.1.0/crtbegin.o
 .rela.text.GX_SetNumTexGens
                0x0000000080004194        0x0 /opt/devkitpro/devkitPPC/bin/../lib/gcc/powerpc-eabi/11.1.0/crtbegin.o
 .rela.text.GX_SetZMode
                0x0000000080004194        0x0 /opt/devkitpro/devkitPPC/bin/../lib/gcc/powerpc-eabi/11.1.0/crtbegin.o
 .rela.text.GX_LoadTexObjPreloaded
                0x0000000080004194        0x0 /opt/devkitpro/devkitPPC/bin/../lib/gcc/powerpc-eabi/11.1.0/crtbegin.o
 .rela.text.GX_InvalidateTexAll
                0x0000000080004194        0x0 /opt/devkitpro/devkitPPC/bin/../lib/gcc/powerpc-eabi/11.1.0/crtbegin.o
 .rela.text.GX_SetBlendMode
                0x0000000080004194        0x0 /opt/devkitpro/devkitPPC/bin/../lib/gcc/powerpc-eabi/11.1.0/crtbegin.o
 .rela.text.GX_ClearVtxDesc
                0x0000000080004194        0x0 /opt/devkitpro/devkitPPC/bin/../lib/gcc/powerpc-eabi/11.1.0/crtbegin.o
 .rela.text.GX_SetTevColorIn
                0x0000000080004194        0x0 /opt/devkitpro/devkitPPC/bin/../lib/gcc/powerpc-eabi/11.1.0/crtbegin.o
 .rela.text.GX_SetTevAlphaIn
                0x0000000080004194        0x0 /opt/devkitpro/devkitPPC/bin/../lib/gcc/powerpc-eabi/11.1.0/crtbegin.o
 .rela.text.GX_SetTevColorOp
                0x0000000080004194        0x0 /opt/devkitpro/devkitPPC/bin/../lib/gcc/powerpc-eabi/11.1.0/crtbegin.o
 .rela.text.GX_SetTevAlphaOp
                0x0000000080004194        0x0 /opt/devkitpro/devkitPPC/bin/../lib/gcc/powerpc-eabi/11.1.0/crtbegin.o
 .rela.text.GX_SetCullMode
                0x0000000080004194        0x0 /opt/devkitpro/devkitPPC/bin/../lib/gcc/powerpc-eabi/11.1.0/crtbegin.o
 .rela.text.GX_SetScissor
                0x0000000080004194        0x0 /opt/devkitpro/devkitPPC/bin/../lib/gcc/powerpc-eabi/11.1.0/crtbegin.o
 .rela.text.GX_SetNumChans
                0x0000000080004194        0x0 /opt/devkitpro/devkitPPC/bin/../lib/gcc/powerpc-eabi/11.1.0/crtbegin.o
 .rela.text.GX_SetTevOrder
                0x0000000080004194        0x0 /opt/devkitpro/devkitPPC/bin/../lib/gcc/powerpc-eabi/11.1.0/crtbegin.o
 .rela.text.GX_SetTevKColorSel
                0x0000000080004194        0x0 /opt/devkitpro/devkitPPC/bin/../lib/gcc/powerpc-eabi/11.1.0/crtbegin.o
 .rela.text.GX_SetTevKAlphaSel
                0x0000000080004194        0x0 /opt/devkitpro/devkitPPC/bin/../lib/gcc/powerpc-eabi/11.1.0/crtbegin.o
 .rela.text.GX_SetTevSwapModeTable
                0x0000000080004194        0x0 /opt/devkitpro/devkitPPC/bin/../lib/gcc/powerpc-eabi/11.1.0/crtbegin.o
 .rela.text.GX_SetColorUpdate
                0x0000000080004194        0x0 /opt/devkitpro/devkitPPC/bin/../lib/gcc/powerpc-eabi/11.1.0/crtbegin.o
 .rela.text.GX_SetAlphaUpdate
                0x0000000080004194        0x0 /opt/devkitpro/devkitPPC/bin/../lib/gcc/powerpc-eabi/11.1.0/crtbegin.o
 .rela.text.GX_SetPixelFmt
                0x0000000080004194        0x0 /opt/devkitpro/devkitPPC/bin/../lib/gcc/powerpc-eabi/11.1.0/crtbegin.o
 .rela.text.GX_SetFieldMode
                0x0000000080004194        0x0 /opt/devkitpro/devkitPPC/bin/../lib/gcc/powerpc-eabi/11.1.0/crtbegin.o
 .rela.text.GX_SetGPMetric
                0x0000000080004194        0x0 /opt/devkitpro/devkitPPC/bin/../lib/gcc/powerpc-eabi/11.1.0/crtbegin.o
 .rela.text.GX_Init
                0x0000000080004194        0x0 /opt/devkitpro/devkitPPC/bin/../lib/gcc/powerpc-eabi/11.1.0/crtbegin.o
 .rela.text.__CheckARGV
                0x0000000080004194        0x0 /opt/devkitpro/devkitPPC/bin/../lib/gcc/powerpc-eabi/11.1.0/crtbegin.o
 .rela.text.__gxx_personality_v0
                0x0000000080004194        0x0 /opt/devkitpro/devkitPPC/bin/../lib/gcc/powerpc-eabi/11.1.0/crtbegin.o
 .rela.text._Znwj
                0x0000000080004194        0x0 /opt/devkitpro/devkitPPC/bin/../lib/gcc/powerpc-eabi/11.1.0/crtbegin.o
 .rela.text._ZNSt9bad_allocD2Ev
                0x0000000080004194        0x0 /opt/devkitpro/devkitPPC/bin/../lib/gcc/powerpc-eabi/11.1.0/crtbegin.o
 .rela.text._ZNSt9bad_allocD0Ev
                0x0000000080004194        0x0 /opt/devkitpro/devkitPPC/bin/../lib/gcc/powerpc-eabi/11.1.0/crtbegin.o
 .rela.text._ZN9__gnu_cxx24__concurrence_lock_errorD2Ev
                0x0000000080004194        0x0 /opt/devkitpro/devkitPPC/bin/../lib/gcc/powerpc-eabi/11.1.0/crtbegin.o
 .rela.text._ZN9__gnu_cxx26__concurrence_unlock_errorD2Ev
                0x0000000080004194        0x0 /opt/devkitpro/devkitPPC/bin/../lib/gcc/powerpc-eabi/11.1.0/crtbegin.o
 .rela.text._ZN9__gnu_cxx24__concurrence_lock_errorD0Ev
                0x0000000080004194        0x0 /opt/devkitpro/devkitPPC/bin/../lib/gcc/powerpc-eabi/11.1.0/crtbegin.o
 .rela.text._ZN9__gnu_cxx26__concurrence_unlock_errorD0Ev
                0x0000000080004194        0x0 /opt/devkitpro/devkitPPC/bin/../lib/gcc/powerpc-eabi/11.1.0/crtbegin.o
 .rela.text.unlikely._ZN9__gnu_cxx30__throw_concurrence_lock_errorEv
                0x0000000080004194        0x0 /opt/devkitpro/devkitPPC/bin/../lib/gcc/powerpc-eabi/11.1.0/crtbegin.o
 .rela.text.unlikely._ZN9__gnu_cxx32__throw_concurrence_unlock_errorEv
                0x0000000080004194        0x0 /opt/devkitpro/devkitPPC/bin/../lib/gcc/powerpc-eabi/11.1.0/crtbegin.o
 .rela.text._ZN10__cxxabiv120__si_class_type_infoD2Ev
                0x0000000080004194        0x0 /opt/devkitpro/devkitPPC/bin/../lib/gcc/powerpc-eabi/11.1.0/crtbegin.o
 .rela.text._ZN10__cxxabiv120__si_class_type_infoD0Ev
                0x0000000080004194        0x0 /opt/devkitpro/devkitPPC/bin/../lib/gcc/powerpc-eabi/11.1.0/crtbegin.o
 .rela.text._ZN10__cxxabiv117__class_type_infoD2Ev
                0x0000000080004194        0x0 /opt/devkitpro/devkitPPC/bin/../lib/gcc/powerpc-eabi/11.1.0/crtbegin.o
 .rela.text._ZN10__cxxabiv117__class_type_infoD0Ev
                0x0000000080004194        0x0 /opt/devkitpro/devkitPPC/bin/../lib/gcc/powerpc-eabi/11.1.0/crtbegin.o
 .rela.text.__gthread_active_p
                0x0000000080004194        0x0 /opt/devkitpro/devkitPPC/bin/../lib/gcc/powerpc-eabi/11.1.0/crtbegin.o
 .rela.text.__gthread_once
                0x0000000080004194        0x0 /opt/devkitpro/devkitPPC/bin/../lib/gcc/powerpc-eabi/11.1.0/crtbegin.o
 .rela.text.__gthread_key_create
                0x0000000080004194        0x0 /opt/devkitpro/devkitPPC/bin/../lib/gcc/powerpc-eabi/11.1.0/crtbegin.o
 .rela.text.__gthread_key_delete
                0x0000000080004194        0x0 /opt/devkitpro/devkitPPC/bin/../lib/gcc/powerpc-eabi/11.1.0/crtbegin.o
 .rela.text.__gthread_getspecific
                0x0000000080004194        0x0 /opt/devkitpro/devkitPPC/bin/../lib/gcc/powerpc-eabi/11.1.0/crtbegin.o
 .rela.text.__gthread_setspecific
                0x0000000080004194        0x0 /opt/devkitpro/devkitPPC/bin/../lib/gcc/powerpc-eabi/11.1.0/crtbegin.o
 .rela.text.__gthread_mutex_init_function
                0x0000000080004194        0x0 /opt/devkitpro/devkitPPC/bin/../lib/gcc/powerpc-eabi/11.1.0/crtbegin.o
 .rela.text.__gthread_mutex_destroy
                0x0000000080004194        0x0 /opt/devkitpro/devkitPPC/bin/../lib/gcc/powerpc-eabi/11.1.0/crtbegin.o
 .rela.text.__gthread_mutex_lock
                0x0000000080004194        0x0 /opt/devkitpro/devkitPPC/bin/../lib/gcc/powerpc-eabi/11.1.0/crtbegin.o
 .rela.text.__gthread_mutex_unlock
                0x0000000080004194        0x0 /opt/devkitpro/devkitPPC/bin/../lib/gcc/powerpc-eabi/11.1.0/crtbegin.o

.rel.fini
 *(.rel.fini)

.rela.fini
 *(.rela.fini)

.rel.rodata
 *(.rel.rodata .rel.rodata.* .rel.gnu.linkonce.r.*)

.rela.rodata    0x0000000080004194        0x0
 *(.rela.rodata .rela.rodata.* .rela.gnu.linkonce.r.*)
 .rela.rodata._ZTISt9bad_alloc
                0x0000000080004194        0x0 /opt/devkitpro/devkitPPC/bin/../lib/gcc/powerpc-eabi/11.1.0/crtbegin.o
 .rela.rodata._ZTVSt9bad_alloc
                0x0000000080004194        0x0 /opt/devkitpro/devkitPPC/bin/../lib/gcc/powerpc-eabi/11.1.0/crtbegin.o
 .rela.rodata._ZTIN9__gnu_cxx24__concurrence_lock_errorE
                0x0000000080004194        0x0 /opt/devkitpro/devkitPPC/bin/../lib/gcc/powerpc-eabi/11.1.0/crtbegin.o
 .rela.rodata._ZTIN9__gnu_cxx26__concurrence_unlock_errorE
                0x0000000080004194        0x0 /opt/devkitpro/devkitPPC/bin/../lib/gcc/powerpc-eabi/11.1.0/crtbegin.o
 .rela.rodata._ZTVN9__gnu_cxx24__concurrence_lock_errorE
                0x0000000080004194        0x0 /opt/devkitpro/devkitPPC/bin/../lib/gcc/powerpc-eabi/11.1.0/crtbegin.o
 .rela.rodata._ZTVN9__gnu_cxx26__concurrence_unlock_errorE
                0x0000000080004194        0x0 /opt/devkitpro/devkitPPC/bin/../lib/gcc/powerpc-eabi/11.1.0/crtbegin.o
 .rela.rodata._ZTIN10__cxxabiv120__si_class_type_infoE
                0x0000000080004194        0x0 /opt/devkitpro/devkitPPC/bin/../lib/gcc/powerpc-eabi/11.1.0/crtbegin.o
 .rela.rodata._ZTVN10__cxxabiv120__si_class_type_infoE
                0x0000000080004194        0x0 /opt/devkitpro/devkitPPC/bin/../lib/gcc/powerpc-eabi/11.1.0/crtbegin.o
 .rela.rodata._ZTIN10__cxxabiv117__class_type_infoE
                0x0000000080004194        0x0 /opt/devkitpro/devkitPPC/bin/../lib/gcc/powerpc-eabi/11.1.0/crtbegin.o
 .rela.rodata._ZTVN10__cxxabiv117__class_type_infoE
                0x0000000080004194        0x0 /opt/devkitpro/devkitPPC/bin/../lib/gcc/powerpc-eabi/11.1.0/crtbegin.o

.rel.data
 *(.rel.data .rel.data.* .rel.gnu.linkonce.d.*)

.rela.data
 *(.rela.data .rela.data.* .rela.gnu.linkonce.d.*)

.rel.tdata
 *(.rel.tdata .rel.tdata.* .rel.gnu.linkonce.td.*)

.rela.tdata
 *(.rela.tdata .rela.tdata.* .rela.gnu.linkonce.td.*)

.rel.tbss
 *(.rel.tbss .rel.tbss.* .rel.gnu.linkonce.tb.*)

.rela.tbss
 *(.rela.tbss .rela.tbss.* .rela.gnu.linkonce.tb.*)

.rel.ctors
 *(.rel.ctors)

.rela.ctors
 *(.rela.ctors)

.rel.dtors
 *(.rel.dtors)

.rela.dtors
 *(.rela.dtors)

.rel.got
 *(.rel.got)

.rela.got
 *(.rela.got)

.rela.got1
 *(.rela.got1)

.rela.got2
 *(.rela.got2)

.rel.sdata
 *(.rel.sdata .rel.sdata.* .rel.gnu.linkonce.s.*)

.rela.sdata     0x0000000080004194        0x0
 *(.rela.sdata .rela.sdata.* .rela.gnu.linkonce.s.*)
 .rela.sdata._ZTISt9exception
                0x0000000080004194        0x0 /opt/devkitpro/devkitPPC/bin/../lib/gcc/powerpc-eabi/11.1.0/crtbegin.o
 .rela.sdata._ZTIN10__cxxabiv115__forced_unwindE
                0x0000000080004194        0x0 /opt/devkitpro/devkitPPC/bin/../lib/gcc/powerpc-eabi/11.1.0/crtbegin.o
 .rela.sdata._ZTIN10__cxxabiv119__foreign_exceptionE
                0x0000000080004194        0x0 /opt/devkitpro/devkitPPC/bin/../lib/gcc/powerpc-eabi/11.1.0/crtbegin.o
 .rela.sdata._ZTISt9type_info
                0x0000000080004194        0x0 /opt/devkitpro/devkitPPC/bin/../lib/gcc/powerpc-eabi/11.1.0/crtbegin.o

.rel.sbss
 *(.rel.sbss .rel.sbss.* .rel.gnu.linkonce.sb.*)

.rela.sbss
 *(.rela.sbss .rela.sbss.* .rel.gnu.linkonce.sb.*)

.rel.sdata2
 *(.rel.sdata2 .rel.sdata2.* .rel.gnu.linkonce.s2.*)

.rela.sdata2    0x0000000080004194        0x0
 *(.rela.sdata2 .rela.sdata2.* .rela.gnu.linkonce.s2.*)
 .rela.sdata2.__sys_inIPL
                0x0000000080004194        0x0 /opt/devkitpro/devkitPPC/bin/../lib/gcc/powerpc-eabi/11.1.0/crtbegin.o

.rel.sbss2
 *(.rel.sbss2 .rel.sbss2.* .rel.gnu.linkonce.sb2.*)

.rela.sbss2
 *(.rela.sbss2 .rela.sbss2.* .rela.gnu.linkonce.sb2.*)

.rel.bss
 *(.rel.bss .rel.bss.* .rel.gnu.linkonce.b.*)

.rela.bss
 *(.rela.bss .rela.bss.* .rela.gnu.linkonce.b.*)

.rel.plt
 *(.rel.plt)

.rela.plt
 *(.rela.plt)

.text           0x00000000800041a0    0x48d60
 *(.text)
 .text          0x00000000800041a0      0x44c /opt/devkitpro/libogc/lib/wii/libogc.a(lwp_handler.o)
                0x00000000800041a0                _cpu_context_save_fp
                0x00000000800042e0                _cpu_context_restore_fp
                0x0000000080004420                _cpu_context_switch
                0x0000000080004500                _cpu_context_save
                0x0000000080004580                _cpu_context_restore
 .text          0x00000000800045ec      0x4a0 /opt/devkitpro/libogc/lib/wii/libogc.a(system_asm.o)
                0x00000000800045ec                __realmode
                0x0000000080004604                __configBATS
                0x0000000080004734                __InitFPRS
                0x0000000080004860                __InitPS
                0x00000000800048bc                __InitCache
                0x0000000080004914                __InitSystem
                0x000000008000499c                __flush_cache
                0x00000000800049d0                __reset
                0x0000000080004a40                __InitBATS
                0x0000000080004a5c                SYS_SwitchFiber
 .text          0x0000000080004a8c      0x8dc /opt/devkitpro/libogc/lib/wii/libogc.a(gu_psasm.o)
                0x0000000080004a8c                ps_guMtxConcat
                0x0000000080004b50                ps_guMtxIdentity
                0x0000000080004b7c                ps_guMtxCopy
                0x0000000080004bb0                ps_guMtxTranspose
                0x0000000080004c00                ps_guMtxInverse
                0x0000000080004cf8                ps_guMtxInvXpose
                0x0000000080004dc0                ps_guMtxScale
                0x0000000080004de8                ps_guMtxScaleApply
                0x0000000080004e40                ps_guMtxApplyScale
                0x0000000080004ea4                ps_guMtxTrans
                0x0000000080004ed8                ps_guMtxTransApply
                0x0000000080004f24                ps_guMtxApplyTrans
                0x0000000080004fa0                ps_guMtxRotTrig
                0x0000000080005050                __ps_guMtxRotAxisRadInternal
                0x0000000080005110                ps_guMtxReflect
                0x0000000080005180                ps_guVecAdd
                0x00000000800051a4                ps_guVecSub
                0x00000000800051c8                ps_guVecScale
                0x00000000800051e4                ps_guVecNormalize
                0x0000000080005228                ps_guVecCross
                0x0000000080005264                ps_guVecDotProduct
                0x0000000080005284                ps_guVecMultiply
                0x00000000800052d8                ps_guVecMultiplySR
                0x0000000080005348                ps_guQuatDotProduct
 .text          0x0000000080005368      0x1ac /opt/devkitpro/libogc/lib/wii/libogc.a(irq_handler.o)
                0x0000000080005368                irq_exceptionhandler
 .text          0x0000000080005514      0x4f4 /opt/devkitpro/libogc/lib/wii/libogc.a(cache_asm.o)
                0x0000000080005514                DCFlashInvalidate
                0x0000000080005528                DCEnable
                0x000000008000553c                DCDisable
                0x0000000080005550                DCFreeze
                0x0000000080005564                DCUnfreeze
                0x0000000080005578                DCTouchLoad
                0x0000000080005580                DCBlockZero
                0x0000000080005588                DCBlockStore
                0x0000000080005590                DCBlockFlush
                0x0000000080005598                DCBlockInvalidate
                0x00000000800055a0                DCInvalidateRange
                0x00000000800055d0                DCFlushRange
                0x0000000080005604                DCStoreRange
                0x0000000080005638                DCFlushRangeNoSync
                0x0000000080005668                DCStoreRangeNoSync
                0x0000000080005698                DCZeroRange
                0x00000000800056c8                DCTouchRange
                0x00000000800056f8                ICInvalidateRange
                0x0000000080005730                ICFlashInvalidate
                0x0000000080005744                ICEnable
                0x0000000080005758                ICDisable
                0x000000008000576c                ICFreeze
                0x0000000080005780                ICUnfreeze
                0x0000000080005794                ICBlockInvalidate
                0x000000008000579c                ICSync
                0x00000000800057a4                L2Init
                0x00000000800057ec                L2Enable
                0x0000000080005808                L2Disable
                0x0000000080005820                L2GlobalInvalidate
                0x0000000080005878                __LCEnable
                0x0000000080005944                LCDisable
                0x000000008000596c                LCAllocOneTag
                0x0000000080005980                LCAllocTags
                0x00000000800059c0                LCLoadBlocks
                0x00000000800059e4                LCStoreBlocks
 .text          0x0000000080005a08      0x1ac /opt/devkitpro/libogc/lib/wii/libogc.a(decrementer_handler.o)
                0x0000000080005a08                dec_exceptionhandler
 .text          0x0000000080005bb4      0x35c /opt/devkitpro/libogc/lib/wii/libogc.a(exception_handler.o)
                0x0000000080005bb4                exceptionhandler_start
                0x0000000080005c30                exceptionhandler_patch
                0x0000000080005c64                exceptionhandler_end
                0x0000000080005c68                default_exceptionhandler
                0x0000000080005d98                fpu_exceptionhandler
                0x0000000080005ee0                systemcallhandler_start
                0x0000000080005f0c                systemcallhandler_end
 .text          0x0000000080005f10       0x48 /opt/devkitpro/devkitPPC/bin/../lib/gcc/powerpc-eabi/11.1.0/libgcc.a(eabi.o)
                0x0000000080005f10                __eabi
 *(.text.*)
 .text.__do_global_dtors_aux
                0x0000000080005f58       0xcc /opt/devkitpro/devkitPPC/bin/../lib/gcc/powerpc-eabi/11.1.0/crtbegin.o
 .text.frame_dummy
                0x0000000080006024       0x24 /opt/devkitpro/devkitPPC/bin/../lib/gcc/powerpc-eabi/11.1.0/crtbegin.o
 .text.__crtmain
                0x0000000080006048       0x44 /opt/devkitpro/devkitPPC/bin/../lib/gcc/powerpc-eabi/11.1.0/../../../../powerpc-eabi/lib/crtmain.o
                0x000000008000604c                __crtmain
 .text._ZN5World13AllocateActorEt
                0x000000008000608c       0xf4 World.o
                0x000000008000608c                _ZN5World13AllocateActorEt
 .text._ZN5World8DoActionEPFvR5ActorE
                0x0000000080006180       0x70 World.o
                0x0000000080006180                _ZN5World8DoActionEPFvR5ActorE
 .text._ZN5World10DoActionOnEtPFvR5ActorE
                0x00000000800061f0       0x88 World.o
                0x00000000800061f0                _ZN5World10DoActionOnEtPFvR5ActorE
 .text._ZN5ActorC2ER5World
                0x0000000080006278       0x14 Actor.o
                0x0000000080006278                _ZN5ActorC1ER5World
                0x0000000080006278                _ZN5ActorC2ER5World
 .text._Z12UpdateActionR5Actor
                0x000000008000628c       0x10 main.o
                0x000000008000628c                _Z12UpdateActionR5Actor
 .text._Z10DrawActionR5Actor
                0x000000008000629c       0x6c main.o
                0x000000008000629c                _Z10DrawActionR5Actor
 .text.startup.main
                0x0000000080006308      0x518 main.o
                0x0000000080006308                main
 .text.__wpad_assign_slot
                0x0000000080006820      0x244 /opt/devkitpro/libogc/lib/wii/libwiiuse.a(wpad.o)
                0x0000000080006820                __wpad_assign_slot
 .text.__wpad_def_powcb
                0x0000000080006a64        0x4 /opt/devkitpro/libogc/lib/wii/libwiiuse.a(wpad.o)
 .text.__readlinkkey_finished
                0x0000000080006a68       0x34 /opt/devkitpro/libogc/lib/wii/libwiiuse.a(wpad.o)
 .text.__wpad_patch_finished
                0x0000000080006a9c       0x2c /opt/devkitpro/libogc/lib/wii/libwiiuse.a(wpad.o)
 .text.__wpad_setfmt
                0x0000000080006ac8      0x158 /opt/devkitpro/libogc/lib/wii/libwiiuse.a(wpad.o)
 .text.__wpad_eventCB
                0x0000000080006c20      0xae4 /opt/devkitpro/libogc/lib/wii/libwiiuse.a(wpad.o)
 .text.__wpad_disconnectCB
                0x0000000080007704       0xd4 /opt/devkitpro/libogc/lib/wii/libwiiuse.a(wpad.o)
                0x0000000080007704                __wpad_disconnectCB
 .text.__wpad_timeouthandler
                0x00000000800077d8       0xb0 /opt/devkitpro/libogc/lib/wii/libwiiuse.a(wpad.o)
 .text.__initcore_finished
                0x0000000080007888       0x48 /opt/devkitpro/libogc/lib/wii/libwiiuse.a(wpad.o)
 .text.__wpad_init_finished
                0x00000000800078d0      0x18c /opt/devkitpro/libogc/lib/wii/libwiiuse.a(wpad.o)
 .text.WPAD_ReadEvent
                0x0000000080007a5c      0x690 /opt/devkitpro/libogc/lib/wii/libwiiuse.a(wpad.o)
                0x0000000080007a5c                WPAD_ReadEvent
 .text.WPAD_ReadPending
                0x00000000800080ec      0x1c4 /opt/devkitpro/libogc/lib/wii/libwiiuse.a(wpad.o)
                0x00000000800080ec                WPAD_ReadPending
 .text.WPAD_Shutdown
                0x00000000800082b0      0x108 /opt/devkitpro/libogc/lib/wii/libwiiuse.a(wpad.o)
                0x00000000800082b0                WPAD_Shutdown
 .text.WPAD_Init
                0x00000000800083b8      0x2c4 /opt/devkitpro/libogc/lib/wii/libwiiuse.a(wpad.o)
                0x00000000800083b8                WPAD_Init
 .text.__wpad_onreset
                0x000000008000867c       0x34 /opt/devkitpro/libogc/lib/wii/libwiiuse.a(wpad.o)
 .text.WPAD_ScanPads
                0x00000000800086b0       0x94 /opt/devkitpro/libogc/lib/wii/libwiiuse.a(wpad.o)
                0x00000000800086b0                WPAD_ScanPads
 .text.WPAD_ButtonsDown
                0x0000000080008744       0x28 /opt/devkitpro/libogc/lib/wii/libwiiuse.a(wpad.o)
                0x0000000080008744                WPAD_ButtonsDown
 .text.motion_plus_disconnected
                0x000000008000876c       0x10 /opt/devkitpro/libogc/lib/wii/libwiiuse.a(motion_plus.o)
                0x000000008000876c                motion_plus_disconnected
 .text.motion_plus_event
                0x000000008000877c       0x64 /opt/devkitpro/libogc/lib/wii/libwiiuse.a(motion_plus.o)
                0x000000008000877c                motion_plus_event
 .text.calculate_gforce
                0x00000000800087e0      0x114 /opt/devkitpro/libogc/lib/wii/libwiiuse.a(dynamics.o)
                0x00000000800087e0                calculate_gforce
 .text.calc_joystick_state
                0x00000000800088f4      0x210 /opt/devkitpro/libogc/lib/wii/libwiiuse.a(dynamics.o)
                0x00000000800088f4                calc_joystick_state
 .text.apply_smoothing
                0x0000000080008b04      0x120 /opt/devkitpro/libogc/lib/wii/libwiiuse.a(dynamics.o)
                0x0000000080008b04                apply_smoothing
 .text.calculate_orientation
                0x0000000080008c24      0x340 /opt/devkitpro/libogc/lib/wii/libwiiuse.a(dynamics.o)
                0x0000000080008c24                calculate_orientation
 .text.calc_balanceboard_state
                0x0000000080008f64      0x3a4 /opt/devkitpro/libogc/lib/wii/libwiiuse.a(dynamics.o)
                0x0000000080008f64                calc_balanceboard_state
 .text.wiiuse_handshake
                0x0000000080009308      0x26c /opt/devkitpro/libogc/lib/wii/libwiiuse.a(io.o)
                0x0000000080009308                wiiuse_handshake
 .text.wiiuse_handshake_expansion
                0x0000000080009574      0x1fc /opt/devkitpro/libogc/lib/wii/libwiiuse.a(io.o)
                0x0000000080009574                wiiuse_handshake_expansion
 .text.wiiuse_handshake_expansion_start
                0x0000000080009770       0x5c /opt/devkitpro/libogc/lib/wii/libwiiuse.a(io.o)
                0x0000000080009770                wiiuse_handshake_expansion_start
 .text.wiiuse_disable_expansion
                0x00000000800097cc      0x1b0 /opt/devkitpro/libogc/lib/wii/libwiiuse.a(io.o)
                0x00000000800097cc                wiiuse_disable_expansion
 .text.__wiiuse_connected
                0x000000008000997c       0x9c /opt/devkitpro/libogc/lib/wii/libwiiuse.a(io_wii.o)
 .text.__wiiuse_disconnected
                0x0000000080009a18       0xb4 /opt/devkitpro/libogc/lib/wii/libwiiuse.a(io_wii.o)
 .text.__wiiuse_receive
                0x0000000080009acc       0xd0 /opt/devkitpro/libogc/lib/wii/libwiiuse.a(io_wii.o)
 .text.__wiiuse_sensorbar_enable
                0x0000000080009b9c       0x54 /opt/devkitpro/libogc/lib/wii/libwiiuse.a(io_wii.o)
                0x0000000080009b9c                __wiiuse_sensorbar_enable
 .text.wiiuse_register
                0x0000000080009bf0       0xf0 /opt/devkitpro/libogc/lib/wii/libwiiuse.a(io_wii.o)
                0x0000000080009bf0                wiiuse_register
 .text.wiiuse_disconnect
                0x0000000080009ce0       0x24 /opt/devkitpro/libogc/lib/wii/libwiiuse.a(io_wii.o)
                0x0000000080009ce0                wiiuse_disconnect
 .text.wiiuse_init_cmd_queue
                0x0000000080009d04       0x9c /opt/devkitpro/libogc/lib/wii/libwiiuse.a(io_wii.o)
                0x0000000080009d04                wiiuse_init_cmd_queue
 .text.wiiuse_io_write
                0x0000000080009da0       0x1c /opt/devkitpro/libogc/lib/wii/libwiiuse.a(io_wii.o)
                0x0000000080009da0                wiiuse_io_write
 .text.rotate_dots
                0x0000000080009dbc      0x13c /opt/devkitpro/libogc/lib/wii/libwiiuse.a(ir.o)
 .text.get_ir_sens.constprop.0.isra.0
                0x0000000080009ef8       0xdc /opt/devkitpro/libogc/lib/wii/libwiiuse.a(ir.o)
 .text.wiiuse_set_ir_mode
                0x0000000080009fd4       0x88 /opt/devkitpro/libogc/lib/wii/libwiiuse.a(ir.o)
                0x0000000080009fd4                wiiuse_set_ir_mode
 .text.wiiuse_set_ir
                0x000000008000a05c      0x208 /opt/devkitpro/libogc/lib/wii/libwiiuse.a(ir.o)
                0x000000008000a05c                wiiuse_set_ir
 .text.wiiuse_set_ir_position
                0x000000008000a264       0x80 /opt/devkitpro/libogc/lib/wii/libwiiuse.a(ir.o)
                0x000000008000a264                wiiuse_set_ir_position
 .text.wiiuse_set_aspect_ratio
                0x000000008000a2e4       0xac /opt/devkitpro/libogc/lib/wii/libwiiuse.a(ir.o)
                0x000000008000a2e4                wiiuse_set_aspect_ratio
 .text.wiiuse_set_ir_sensitivity
                0x000000008000a390       0xd0 /opt/devkitpro/libogc/lib/wii/libwiiuse.a(ir.o)
                0x000000008000a390                wiiuse_set_ir_sensitivity
 .text.calculate_basic_ir
                0x000000008000a460       0xf8 /opt/devkitpro/libogc/lib/wii/libwiiuse.a(ir.o)
                0x000000008000a460                calculate_basic_ir
 .text.calculate_extended_ir
                0x000000008000a558       0x64 /opt/devkitpro/libogc/lib/wii/libwiiuse.a(ir.o)
                0x000000008000a558                calculate_extended_ir
 .text.find_sensorbar
                0x000000008000a5bc      0xa20 /opt/devkitpro/libogc/lib/wii/libwiiuse.a(ir.o)
                0x000000008000a5bc                find_sensorbar
 .text.apply_ir_smoothing
                0x000000008000afdc      0x124 /opt/devkitpro/libogc/lib/wii/libwiiuse.a(ir.o)
                0x000000008000afdc                apply_ir_smoothing
 .text.interpret_ir_data
                0x000000008000b100      0x3e0 /opt/devkitpro/libogc/lib/wii/libwiiuse.a(ir.o)
                0x000000008000b100                interpret_ir_data
 .text.nunchuk_handshake
                0x000000008000b4e0      0x308 /opt/devkitpro/libogc/lib/wii/libwiiuse.a(nunchuk.o)
                0x000000008000b4e0                nunchuk_handshake
 .text.nunchuk_disconnected
                0x000000008000b7e8        0xc /opt/devkitpro/libogc/lib/wii/libwiiuse.a(nunchuk.o)
                0x000000008000b7e8                nunchuk_disconnected
 .text.nunchuk_event
                0x000000008000b7f4       0xe0 /opt/devkitpro/libogc/lib/wii/libwiiuse.a(nunchuk.o)
                0x000000008000b7f4                nunchuk_event
 .text.wii_board_handshake
                0x000000008000b8d4      0x284 /opt/devkitpro/libogc/lib/wii/libwiiuse.a(wiiboard.o)
                0x000000008000b8d4                wii_board_handshake
 .text.wii_board_disconnected
                0x000000008000bb58        0xc /opt/devkitpro/libogc/lib/wii/libwiiuse.a(wiiboard.o)
                0x000000008000bb58                wii_board_disconnected
 .text.wii_board_event
                0x000000008000bb64       0x24 /opt/devkitpro/libogc/lib/wii/libwiiuse.a(wiiboard.o)
                0x000000008000bb64                wii_board_event
 .text.wiiuse_send_next_command
                0x000000008000bb88       0x58 /opt/devkitpro/libogc/lib/wii/libwiiuse.a(wiiuse.o)
                0x000000008000bb88                wiiuse_send_next_command
 .text.wiiuse_init
                0x000000008000bbe0      0x210 /opt/devkitpro/libogc/lib/wii/libwiiuse.a(wiiuse.o)
                0x000000008000bbe0                wiiuse_init
 .text.wiiuse_set_flags
                0x000000008000bdf0       0x28 /opt/devkitpro/libogc/lib/wii/libwiiuse.a(wiiuse.o)
                0x000000008000bdf0                wiiuse_set_flags
 .text.wiiuse_read_data
                0x000000008000be18      0x128 /opt/devkitpro/libogc/lib/wii/libwiiuse.a(wiiuse.o)
                0x000000008000be18                wiiuse_read_data
 .text.wiiuse_write_data
                0x000000008000bf40      0x164 /opt/devkitpro/libogc/lib/wii/libwiiuse.a(wiiuse.o)
                0x000000008000bf40                wiiuse_write_data
 .text.wiiuse_sendcmd
                0x000000008000c0a4      0x170 /opt/devkitpro/libogc/lib/wii/libwiiuse.a(wiiuse.o)
                0x000000008000c0a4                wiiuse_sendcmd
 .text.wiiuse_set_leds
                0x000000008000c214       0x50 /opt/devkitpro/libogc/lib/wii/libwiiuse.a(wiiuse.o)
                0x000000008000c214                wiiuse_set_leds
 .text.wiiuse_set_report_type
                0x000000008000c264       0xfc /opt/devkitpro/libogc/lib/wii/libwiiuse.a(wiiuse.o)
                0x000000008000c264                wiiuse_set_report_type
 .text.wiiuse_status
                0x000000008000c360       0x4c /opt/devkitpro/libogc/lib/wii/libwiiuse.a(wiiuse.o)
                0x000000008000c360                wiiuse_status
 .text.wiiuse_motion_sensing
                0x000000008000c3ac       0x84 /opt/devkitpro/libogc/lib/wii/libwiiuse.a(wiiuse.o)
                0x000000008000c3ac                wiiuse_motion_sensing
 .text.wiiuse_set_speaker
                0x000000008000c430      0x240 /opt/devkitpro/libogc/lib/wii/libwiiuse.a(speaker.o)
                0x000000008000c430                wiiuse_set_speaker
 .text.classic_ctrl_handshake
                0x000000008000c670      0x3b8 /opt/devkitpro/libogc/lib/wii/libwiiuse.a(classic.o)
                0x000000008000c670                classic_ctrl_handshake
 .text.classic_ctrl_disconnected
                0x000000008000ca28        0xc /opt/devkitpro/libogc/lib/wii/libwiiuse.a(classic.o)
                0x000000008000ca28                classic_ctrl_disconnected
 .text.classic_ctrl_event
                0x000000008000ca34      0x168 /opt/devkitpro/libogc/lib/wii/libwiiuse.a(classic.o)
                0x000000008000ca34                classic_ctrl_event
 .text.handle_expansion
                0x000000008000cb9c       0x54 /opt/devkitpro/libogc/lib/wii/libwiiuse.a(events.o)
 .text.parse_event
                0x000000008000cbf0      0x748 /opt/devkitpro/libogc/lib/wii/libwiiuse.a(events.o)
                0x000000008000cbf0                parse_event
 .text.guitar_hero_3_handshake
                0x000000008000d338       0x5c /opt/devkitpro/libogc/lib/wii/libwiiuse.a(guitar_hero_3.o)
                0x000000008000d338                guitar_hero_3_handshake
 .text.guitar_hero_3_disconnected
                0x000000008000d394        0xc /opt/devkitpro/libogc/lib/wii/libwiiuse.a(guitar_hero_3.o)
                0x000000008000d394                guitar_hero_3_disconnected
 .text.guitar_hero_3_event
                0x000000008000d3a0       0x6c /opt/devkitpro/libogc/lib/wii/libwiiuse.a(guitar_hero_3.o)
                0x000000008000d3a0                guitar_hero_3_event
 .text.acl_wlp_completed
                0x000000008000d40c        0x8 /opt/devkitpro/libogc/lib/wii/libbte.a(bte.o)
                0x000000008000d40c                acl_wlp_completed
 .text.bt_alarmhandler
                0x000000008000d414       0x60 /opt/devkitpro/libogc/lib/wii/libbte.a(bte.o)
 .text.__bte_send_pending_request
                0x000000008000d474      0x108 /opt/devkitpro/libogc/lib/wii/libbte.a(bte.o)
 .text.acl_conn_complete
                0x000000008000d57c       0x2c /opt/devkitpro/libogc/lib/wii/libbte.a(bte.o)
                0x000000008000d57c                acl_conn_complete
 .text.l2cap_accepted
                0x000000008000d5a8      0x128 /opt/devkitpro/libogc/lib/wii/libbte.a(bte.o)
                0x000000008000d5a8                l2cap_accepted
 .text.bte_process_input
                0x000000008000d6d0      0x148 /opt/devkitpro/libogc/lib/wii/libbte.a(bte.o)
 .text.l2cap_disconnect_cfm
                0x000000008000d818      0x19c /opt/devkitpro/libogc/lib/wii/libbte.a(bte.o)
                0x000000008000d818                l2cap_disconnect_cfm
 .text.l2cap_disconnected_ind
                0x000000008000d9b4      0x1a4 /opt/devkitpro/libogc/lib/wii/libbte.a(bte.o)
                0x000000008000d9b4                l2cap_disconnected_ind
 .text.__bte_shutdown_finished
                0x000000008000db58       0xd0 /opt/devkitpro/libogc/lib/wii/libbte.a(bte.o)
 .text.bte_hci_apply_patch_complete
                0x000000008000dc28      0x160 /opt/devkitpro/libogc/lib/wii/libbte.a(bte.o)
                0x000000008000dc28                bte_hci_apply_patch_complete
 .text.bte_hci_patch_complete
                0x000000008000dd88      0x380 /opt/devkitpro/libogc/lib/wii/libbte.a(bte.o)
                0x000000008000dd88                bte_hci_patch_complete
 .text.bte_hci_initcore_complete
                0x000000008000e108      0x294 /opt/devkitpro/libogc/lib/wii/libbte.a(bte.o)
                0x000000008000e108                bte_hci_initcore_complete
 .text.bte_read_stored_link_key_complete
                0x000000008000e39c      0x26c /opt/devkitpro/libogc/lib/wii/libbte.a(bte.o)
                0x000000008000e39c                bte_read_stored_link_key_complete
 .text.bte_hci_initcore_complete2
                0x000000008000e608      0x24c /opt/devkitpro/libogc/lib/wii/libbte.a(bte.o)
 .text.bte_hci_initsub_complete
                0x000000008000e854      0x2c8 /opt/devkitpro/libogc/lib/wii/libbte.a(bte.o)
                0x000000008000e854                bte_hci_initsub_complete
 .text.BTE_Init
                0x000000008000eb1c      0x138 /opt/devkitpro/libogc/lib/wii/libbte.a(bte.o)
                0x000000008000eb1c                BTE_Init
 .text.BTE_Shutdown
                0x000000008000ec54      0x100 /opt/devkitpro/libogc/lib/wii/libbte.a(bte.o)
                0x000000008000ec54                BTE_Shutdown
 .text.BTE_InitCore
                0x000000008000ed54       0x8c /opt/devkitpro/libogc/lib/wii/libbte.a(bte.o)
                0x000000008000ed54                BTE_InitCore
 .text.BTE_ApplyPatch
                0x000000008000ede0       0xa4 /opt/devkitpro/libogc/lib/wii/libbte.a(bte.o)
                0x000000008000ede0                BTE_ApplyPatch
 .text.BTE_InitSub
                0x000000008000ee84       0x90 /opt/devkitpro/libogc/lib/wii/libbte.a(bte.o)
                0x000000008000ee84                BTE_InitSub
 .text.BTE_ReadStoredLinkKey
                0x000000008000ef14       0x90 /opt/devkitpro/libogc/lib/wii/libbte.a(bte.o)
                0x000000008000ef14                BTE_ReadStoredLinkKey
 .text.BTE_SetDisconnectCallback
                0x000000008000efa4        0x4 /opt/devkitpro/libogc/lib/wii/libbte.a(bte.o)
                0x000000008000efa4                BTE_SetDisconnectCallback
 .text.bte_new  0x000000008000efa8       0x54 /opt/devkitpro/libogc/lib/wii/libbte.a(bte.o)
                0x000000008000efa8                bte_new
 .text.bte_registerdeviceasync
                0x000000008000effc      0x158 /opt/devkitpro/libogc/lib/wii/libbte.a(bte.o)
                0x000000008000effc                bte_registerdeviceasync
 .text.bte_disconnect
                0x000000008000f154       0xd8 /opt/devkitpro/libogc/lib/wii/libbte.a(bte.o)
                0x000000008000f154                bte_disconnect
 .text.bte_senddata
                0x000000008000f22c      0x100 /opt/devkitpro/libogc/lib/wii/libbte.a(bte.o)
                0x000000008000f22c                bte_senddata
 .text.bte_arg  0x000000008000f32c       0x38 /opt/devkitpro/libogc/lib/wii/libbte.a(bte.o)
                0x000000008000f32c                bte_arg
 .text.bte_received
                0x000000008000f364       0x38 /opt/devkitpro/libogc/lib/wii/libbte.a(bte.o)
                0x000000008000f364                bte_received
 .text.bte_disconnected
                0x000000008000f39c       0x38 /opt/devkitpro/libogc/lib/wii/libbte.a(bte.o)
                0x000000008000f39c                bte_disconnected
 .text.hci_get_link
                0x000000008000f3d4       0x84 /opt/devkitpro/libogc/lib/wii/libbte.a(hci.o)
 .text.hci_init
                0x000000008000f458       0x7c /opt/devkitpro/libogc/lib/wii/libbte.a(hci.o)
                0x000000008000f458                hci_init
 .text.hci_close
                0x000000008000f4d4       0xd0 /opt/devkitpro/libogc/lib/wii/libbte.a(hci.o)
                0x000000008000f4d4                hci_close
 .text.hci_reset_all
                0x000000008000f5a4       0xb8 /opt/devkitpro/libogc/lib/wii/libbte.a(hci.o)
                0x000000008000f5a4                hci_reset_all
 .text.hci_arg  0x000000008000f65c        0xc /opt/devkitpro/libogc/lib/wii/libbte.a(hci.o)
                0x000000008000f65c                hci_arg
 .text.hci_cmd_complete
                0x000000008000f668        0xc /opt/devkitpro/libogc/lib/wii/libbte.a(hci.o)
                0x000000008000f668                hci_cmd_complete
 .text.hci_connection_complete
                0x000000008000f674        0xc /opt/devkitpro/libogc/lib/wii/libbte.a(hci.o)
                0x000000008000f674                hci_connection_complete
 .text.hci_wlp_complete
                0x000000008000f680        0xc /opt/devkitpro/libogc/lib/wii/libbte.a(hci.o)
                0x000000008000f680                hci_wlp_complete
 .text.hci_reset
                0x000000008000f68c       0xa8 /opt/devkitpro/libogc/lib/wii/libbte.a(hci.o)
                0x000000008000f68c                hci_reset
 .text.hci_read_buffer_size
                0x000000008000f734       0xa8 /opt/devkitpro/libogc/lib/wii/libbte.a(hci.o)
                0x000000008000f734                hci_read_buffer_size
 .text.hci_read_bd_addr
                0x000000008000f7dc       0xa8 /opt/devkitpro/libogc/lib/wii/libbte.a(hci.o)
                0x000000008000f7dc                hci_read_bd_addr
 .text.hci_read_local_version
                0x000000008000f884       0xa4 /opt/devkitpro/libogc/lib/wii/libbte.a(hci.o)
                0x000000008000f884                hci_read_local_version
 .text.hci_read_local_features
                0x000000008000f928       0xa8 /opt/devkitpro/libogc/lib/wii/libbte.a(hci.o)
                0x000000008000f928                hci_read_local_features
 .text.hci_read_stored_link_key
                0x000000008000f9d0       0xfc /opt/devkitpro/libogc/lib/wii/libbte.a(hci.o)
                0x000000008000f9d0                hci_read_stored_link_key
 .text.hci_write_page_timeout
                0x000000008000facc       0xcc /opt/devkitpro/libogc/lib/wii/libbte.a(hci.o)
                0x000000008000facc                hci_write_page_timeout
 .text.hci_write_scan_enable
                0x000000008000fb98       0xb8 /opt/devkitpro/libogc/lib/wii/libbte.a(hci.o)
                0x000000008000fb98                hci_write_scan_enable
 .text.hci_accecpt_conn_request
                0x000000008000fc50       0xdc /opt/devkitpro/libogc/lib/wii/libbte.a(hci.o)
                0x000000008000fc50                hci_accecpt_conn_request
 .text.hci_write_local_name
                0x000000008000fd2c       0xd4 /opt/devkitpro/libogc/lib/wii/libbte.a(hci.o)
                0x000000008000fd2c                hci_write_local_name
 .text.hci_write_pin_type
                0x000000008000fe00       0xb8 /opt/devkitpro/libogc/lib/wii/libbte.a(hci.o)
                0x000000008000fe00                hci_write_pin_type
 .text.hci_write_inquiry_mode
                0x000000008000feb8       0xb8 /opt/devkitpro/libogc/lib/wii/libbte.a(hci.o)
                0x000000008000feb8                hci_write_inquiry_mode
 .text.hci_write_page_scan_type
                0x000000008000ff70       0xb8 /opt/devkitpro/libogc/lib/wii/libbte.a(hci.o)
                0x000000008000ff70                hci_write_page_scan_type
 .text.hci_write_inquiry_scan_type
                0x0000000080010028       0xb8 /opt/devkitpro/libogc/lib/wii/libbte.a(hci.o)
                0x0000000080010028                hci_write_inquiry_scan_type
 .text.hci_vendor_specific_command
                0x00000000800100e0       0xe4 /opt/devkitpro/libogc/lib/wii/libbte.a(hci.o)
                0x00000000800100e0                hci_vendor_specific_command
 .text.hci_write_link_policy_settings
                0x00000000800101c4      0x100 /opt/devkitpro/libogc/lib/wii/libbte.a(hci.o)
                0x00000000800101c4                hci_write_link_policy_settings
 .text.hci_pin_code_request_neg_reply
                0x00000000800102c4       0xc8 /opt/devkitpro/libogc/lib/wii/libbte.a(hci.o)
                0x00000000800102c4                hci_pin_code_request_neg_reply
 .text.hci_link_key_req_neg_reply
                0x000000008001038c       0xc8 /opt/devkitpro/libogc/lib/wii/libbte.a(hci.o)
                0x000000008001038c                hci_link_key_req_neg_reply
 .text.hci_disconnect
                0x0000000080010454       0xf8 /opt/devkitpro/libogc/lib/wii/libbte.a(hci.o)
                0x0000000080010454                hci_disconnect
 .text.hci_write_cod
                0x000000008001054c       0xc8 /opt/devkitpro/libogc/lib/wii/libbte.a(hci.o)
                0x000000008001054c                hci_write_cod
 .text.hci_host_buffer_size
                0x0000000080010614      0x108 /opt/devkitpro/libogc/lib/wii/libbte.a(hci.o)
                0x0000000080010614                hci_host_buffer_size
 .text.hci_host_num_comp_packets
                0x000000008001071c      0x104 /opt/devkitpro/libogc/lib/wii/libbte.a(hci.o)
                0x000000008001071c                hci_host_num_comp_packets
 .text.lp_pdu_maxsize
                0x0000000080010820        0xc /opt/devkitpro/libogc/lib/wii/libbte.a(hci.o)
                0x0000000080010820                lp_pdu_maxsize
 .text.lp_acl_write
                0x000000008001082c      0x154 /opt/devkitpro/libogc/lib/wii/libbte.a(hci.o)
                0x000000008001082c                lp_acl_write
 .text.lp_write_flush_timeout
                0x0000000080010980      0x100 /opt/devkitpro/libogc/lib/wii/libbte.a(hci.o)
                0x0000000080010980                lp_write_flush_timeout
 .text.hci_event_handler
                0x0000000080010a80      0xc70 /opt/devkitpro/libogc/lib/wii/libbte.a(hci.o)
                0x0000000080010a80                hci_event_handler
 .text.hci_acldata_handler
                0x00000000800116f0      0x118 /opt/devkitpro/libogc/lib/wii/libbte.a(hci.o)
                0x00000000800116f0                hci_acldata_handler
 .text.l2cap_init
                0x0000000080011808       0x60 /opt/devkitpro/libogc/lib/wii/libbte.a(l2cap.o)
                0x0000000080011808                l2cap_init
 .text.l2cap_write
                0x0000000080011868      0x1a8 /opt/devkitpro/libogc/lib/wii/libbte.a(l2cap.o)
                0x0000000080011868                l2cap_write
 .text.l2cap_new
                0x0000000080011a10       0x60 /opt/devkitpro/libogc/lib/wii/libbte.a(l2cap.o)
                0x0000000080011a10                l2cap_new
 .text.l2cap_close
                0x0000000080011a70      0x1d4 /opt/devkitpro/libogc/lib/wii/libbte.a(l2cap.o)
                0x0000000080011a70                l2cap_close
 .text.l2cap_reset_all
                0x0000000080011c44      0x154 /opt/devkitpro/libogc/lib/wii/libbte.a(l2cap.o)
                0x0000000080011c44                l2cap_reset_all
 .text.l2cap_signal
                0x0000000080011d98      0x214 /opt/devkitpro/libogc/lib/wii/libbte.a(l2cap.o)
                0x0000000080011d98                l2cap_signal
 .text.l2ca_config_req
                0x0000000080011fac      0x168 /opt/devkitpro/libogc/lib/wii/libbte.a(l2cap.o)
                0x0000000080011fac                l2ca_config_req
 .text.l2ca_disconnect_req
                0x0000000080012114       0xc4 /opt/devkitpro/libogc/lib/wii/libbte.a(l2cap.o)
                0x0000000080012114                l2ca_disconnect_req
 .text.l2cap_tmr
                0x00000000800121d8      0x280 /opt/devkitpro/libogc/lib/wii/libbte.a(l2cap.o)
                0x00000000800121d8                l2cap_tmr
 .text.l2cap_process_sig
                0x0000000080012458     0x127c /opt/devkitpro/libogc/lib/wii/libbte.a(l2cap.o)
                0x0000000080012458                l2cap_process_sig
 .text.l2cap_input
                0x00000000800136d4      0x578 /opt/devkitpro/libogc/lib/wii/libbte.a(l2cap.o)
                0x00000000800136d4                l2cap_input
 .text.l2ca_datawrite
                0x0000000080013c4c      0x118 /opt/devkitpro/libogc/lib/wii/libbte.a(l2cap.o)
                0x0000000080013c4c                l2ca_datawrite
 .text.lp_connect_cfm
                0x0000000080013d64      0x184 /opt/devkitpro/libogc/lib/wii/libbte.a(l2cap.o)
                0x0000000080013d64                lp_connect_cfm
 .text.lp_connect_ind
                0x0000000080013ee8        0x4 /opt/devkitpro/libogc/lib/wii/libbte.a(l2cap.o)
                0x0000000080013ee8                lp_connect_ind
 .text.lp_disconnect_ind
                0x0000000080013eec      0x12c /opt/devkitpro/libogc/lib/wii/libbte.a(l2cap.o)
                0x0000000080013eec                lp_disconnect_ind
 .text.l2cap_disconnect_bb
                0x0000000080014018       0x10 /opt/devkitpro/libogc/lib/wii/libbte.a(l2cap.o)
                0x0000000080014018                l2cap_disconnect_bb
 .text.l2cap_arg
                0x0000000080014028        0x8 /opt/devkitpro/libogc/lib/wii/libbte.a(l2cap.o)
                0x0000000080014028                l2cap_arg
 .text.l2cap_connect_ind
                0x0000000080014030      0x100 /opt/devkitpro/libogc/lib/wii/libbte.a(l2cap.o)
                0x0000000080014030                l2cap_connect_ind
 .text.l2cap_disconnect_ind
                0x0000000080014130        0x8 /opt/devkitpro/libogc/lib/wii/libbte.a(l2cap.o)
                0x0000000080014130                l2cap_disconnect_ind
 .text.l2cap_recv
                0x0000000080014138        0x8 /opt/devkitpro/libogc/lib/wii/libbte.a(l2cap.o)
                0x0000000080014138                l2cap_recv
 .text.btmemb_init
                0x0000000080014140       0x24 /opt/devkitpro/libogc/lib/wii/libbte.a(btmemb.o)
                0x0000000080014140                btmemb_init
 .text.btmemb_alloc
                0x0000000080014164       0x98 /opt/devkitpro/libogc/lib/wii/libbte.a(btmemb.o)
                0x0000000080014164                btmemb_alloc
 .text.btmemb_free
                0x00000000800141fc      0x110 /opt/devkitpro/libogc/lib/wii/libbte.a(btmemb.o)
                0x00000000800141fc                btmemb_free
 .text.plug_holes
                0x000000008001430c       0xb8 /opt/devkitpro/libogc/lib/wii/libbte.a(btmemr.o)
 .text.btmemr_init
                0x00000000800143c4       0xa4 /opt/devkitpro/libogc/lib/wii/libbte.a(btmemr.o)
                0x00000000800143c4                btmemr_init
 .text.btmemr_malloc
                0x0000000080014468      0x18c /opt/devkitpro/libogc/lib/wii/libbte.a(btmemr.o)
                0x0000000080014468                btmemr_malloc
 .text.btmemr_free
                0x00000000800145f4       0x98 /opt/devkitpro/libogc/lib/wii/libbte.a(btmemr.o)
                0x00000000800145f4                btmemr_free
 .text.btmemr_realloc
                0x000000008001468c      0x10c /opt/devkitpro/libogc/lib/wii/libbte.a(btmemr.o)
                0x000000008001468c                btmemr_realloc
 .text.btpbuf_init
                0x0000000080014798       0x28 /opt/devkitpro/libogc/lib/wii/libbte.a(btpbuf.o)
                0x0000000080014798                btpbuf_init
 .text.btpbuf_free
                0x00000000800147c0      0x124 /opt/devkitpro/libogc/lib/wii/libbte.a(btpbuf.o)
                0x00000000800147c0                btpbuf_free
 .text.btpbuf_alloc
                0x00000000800148e4      0x238 /opt/devkitpro/libogc/lib/wii/libbte.a(btpbuf.o)
                0x00000000800148e4                btpbuf_alloc
 .text.btpbuf_realloc
                0x0000000080014b1c       0xec /opt/devkitpro/libogc/lib/wii/libbte.a(btpbuf.o)
                0x0000000080014b1c                btpbuf_realloc
 .text.btpbuf_header
                0x0000000080014c08       0x8c /opt/devkitpro/libogc/lib/wii/libbte.a(btpbuf.o)
                0x0000000080014c08                btpbuf_header
 .text.btpbuf_ref
                0x0000000080014c94       0x48 /opt/devkitpro/libogc/lib/wii/libbte.a(btpbuf.o)
                0x0000000080014c94                btpbuf_ref
 .text.btpbuf_chain
                0x0000000080014cdc       0x9c /opt/devkitpro/libogc/lib/wii/libbte.a(btpbuf.o)
                0x0000000080014cdc                btpbuf_chain
 .text.btpbuf_dechain
                0x0000000080014d78       0x7c /opt/devkitpro/libogc/lib/wii/libbte.a(btpbuf.o)
                0x0000000080014d78                btpbuf_dechain
 .text.btpbuf_take
                0x0000000080014df4      0x13c /opt/devkitpro/libogc/lib/wii/libbte.a(btpbuf.o)
                0x0000000080014df4                btpbuf_take
 .text.__usb_closeCB
                0x0000000080014f30       0x10 /opt/devkitpro/libogc/lib/wii/libbte.a(physbusif.o)
 .text.__writebulkmsgCB
                0x0000000080014f40       0x3c /opt/devkitpro/libogc/lib/wii/libbte.a(physbusif.o)
 .text.__writectrlmsgCB
                0x0000000080014f7c       0x3c /opt/devkitpro/libogc/lib/wii/libbte.a(physbusif.o)
 .text.__issue_intrread.part.0
                0x0000000080014fb8       0x80 /opt/devkitpro/libogc/lib/wii/libbte.a(physbusif.o)
 .text.__readintrdataCB
                0x0000000080015038      0x150 /opt/devkitpro/libogc/lib/wii/libbte.a(physbusif.o)
 .text.__issue_bulkread.part.0
                0x0000000080015188       0x80 /opt/devkitpro/libogc/lib/wii/libbte.a(physbusif.o)
 .text.__readbulkdataCB
                0x0000000080015208      0x150 /opt/devkitpro/libogc/lib/wii/libbte.a(physbusif.o)
 .text.physbusif_init
                0x0000000080015358      0x1dc /opt/devkitpro/libogc/lib/wii/libbte.a(physbusif.o)
                0x0000000080015358                physbusif_init
 .text.physbusif_close
                0x0000000080015534       0x20 /opt/devkitpro/libogc/lib/wii/libbte.a(physbusif.o)
                0x0000000080015534                physbusif_close
 .text.physbusif_shutdown
                0x0000000080015554       0x24 /opt/devkitpro/libogc/lib/wii/libbte.a(physbusif.o)
                0x0000000080015554                physbusif_shutdown
 .text.physbusif_reset_all
                0x0000000080015578        0x4 /opt/devkitpro/libogc/lib/wii/libbte.a(physbusif.o)
                0x0000000080015578                physbusif_reset_all
 .text.physbusif_output
                0x000000008001557c      0x1e0 /opt/devkitpro/libogc/lib/wii/libbte.a(physbusif.o)
                0x000000008001557c                physbusif_output
 .text.__lwp_queue_initialize
                0x000000008001575c       0x98 /opt/devkitpro/libogc/lib/wii/libogc.a(lwp_queue.o)
                0x000000008001575c                __lwp_queue_initialize
 .text.__lwp_queue_get
                0x00000000800157f4       0x74 /opt/devkitpro/libogc/lib/wii/libogc.a(lwp_queue.o)
                0x00000000800157f4                __lwp_queue_get
 .text.__lwp_queue_append
                0x0000000080015868       0x4c /opt/devkitpro/libogc/lib/wii/libogc.a(lwp_queue.o)
                0x0000000080015868                __lwp_queue_append
 .text.__lwp_isr_in_progress
                0x00000000800158b4        0x8 /opt/devkitpro/libogc/lib/wii/libogc.a(lwp_threads.o)
                0x00000000800158b4                __lwp_isr_in_progress
 .text.__thread_dispatch_fp
                0x00000000800158bc       0x88 /opt/devkitpro/libogc/lib/wii/libogc.a(lwp_threads.o)
                0x00000000800158bc                __thread_dispatch_fp
 .text.__thread_dispatch
                0x0000000080015944      0x110 /opt/devkitpro/libogc/lib/wii/libogc.a(lwp_threads.o)
                0x0000000080015944                __thread_dispatch
 .text.__lwp_thread_resettimeslice
                0x0000000080015a54       0xb4 /opt/devkitpro/libogc/lib/wii/libogc.a(lwp_threads.o)
                0x0000000080015a54                __lwp_thread_resettimeslice
 .text.__lwp_thread_tickle_timeslice
                0x0000000080015b08       0xc8 /opt/devkitpro/libogc/lib/wii/libogc.a(lwp_threads.o)
                0x0000000080015b08                __lwp_thread_tickle_timeslice
 .text.__lwp_thread_setstate
                0x0000000080015bd0      0x16c /opt/devkitpro/libogc/lib/wii/libogc.a(lwp_threads.o)
                0x0000000080015bd0                __lwp_thread_setstate
 .text.__lwp_thread_clearstate
                0x0000000080015d3c       0xe4 /opt/devkitpro/libogc/lib/wii/libogc.a(lwp_threads.o)
                0x0000000080015d3c                __lwp_thread_clearstate
 .text.__lwp_thread_delayended
                0x0000000080015e20       0x48 /opt/devkitpro/libogc/lib/wii/libogc.a(lwp_threads.o)
                0x0000000080015e20                __lwp_thread_delayended
 .text.__lwp_thread_suspend
                0x0000000080015e68      0x17c /opt/devkitpro/libogc/lib/wii/libogc.a(lwp_threads.o)
                0x0000000080015e68                __lwp_thread_suspend
 .text.__lwp_thread_settransient
                0x0000000080015fe4       0xb4 /opt/devkitpro/libogc/lib/wii/libogc.a(lwp_threads.o)
                0x0000000080015fe4                __lwp_thread_settransient
 .text.__lwp_thread_changepriority
                0x0000000080016098      0x1f8 /opt/devkitpro/libogc/lib/wii/libogc.a(lwp_threads.o)
                0x0000000080016098                __lwp_thread_changepriority
 .text.__lwp_thread_resume
                0x0000000080016290      0x12c /opt/devkitpro/libogc/lib/wii/libogc.a(lwp_threads.o)
                0x0000000080016290                __lwp_thread_resume
 .text.__lwp_thread_ready
                0x00000000800163bc       0xf0 /opt/devkitpro/libogc/lib/wii/libogc.a(lwp_threads.o)
                0x00000000800163bc                __lwp_thread_ready
 .text.__lwp_thread_init
                0x00000000800164ac      0x168 /opt/devkitpro/libogc/lib/wii/libogc.a(lwp_threads.o)
                0x00000000800164ac                __lwp_thread_init
 .text.__lwp_thread_close
                0x0000000080016614      0x138 /opt/devkitpro/libogc/lib/wii/libogc.a(lwp_threads.o)
                0x0000000080016614                __lwp_thread_close
 .text.__lwp_thread_handler
                0x000000008001674c       0xd8 /opt/devkitpro/libogc/lib/wii/libogc.a(lwp_threads.o)
 .text.__lwp_thread_closeall
                0x0000000080016824       0xb4 /opt/devkitpro/libogc/lib/wii/libogc.a(lwp_threads.o)
                0x0000000080016824                __lwp_thread_closeall
 .text.__lwp_thread_start
                0x00000000800168d8       0xe8 /opt/devkitpro/libogc/lib/wii/libogc.a(lwp_threads.o)
                0x00000000800168d8                __lwp_thread_start
 .text.__lwp_thread_startmultitasking
                0x00000000800169c0       0xac /opt/devkitpro/libogc/lib/wii/libogc.a(lwp_threads.o)
                0x00000000800169c0                __lwp_thread_startmultitasking
 .text.__lwp_thread_stopmultitasking
                0x0000000080016a6c       0x58 /opt/devkitpro/libogc/lib/wii/libogc.a(lwp_threads.o)
                0x0000000080016a6c                __lwp_thread_stopmultitasking
 .text.__lwp_thread_coreinit
                0x0000000080016ac4       0xc8 /opt/devkitpro/libogc/lib/wii/libogc.a(lwp_threads.o)
                0x0000000080016ac4                __lwp_thread_coreinit
 .text.idle_func
                0x0000000080016b8c        0x4 /opt/devkitpro/libogc/lib/wii/libogc.a(lwp.o)
 .text.__lwp_sysinit
                0x0000000080016b90      0x114 /opt/devkitpro/libogc/lib/wii/libogc.a(lwp.o)
                0x0000000080016b90                __lwp_sysinit
 .text.LWP_SuspendThread
                0x0000000080016ca4       0xc0 /opt/devkitpro/libogc/lib/wii/libogc.a(lwp.o)
                0x0000000080016ca4                LWP_SuspendThread
 .text.LWP_ResumeThread
                0x0000000080016d64       0xd0 /opt/devkitpro/libogc/lib/wii/libogc.a(lwp.o)
                0x0000000080016d64                LWP_ResumeThread
 .text.LWP_GetSelf
                0x0000000080016e34       0x28 /opt/devkitpro/libogc/lib/wii/libogc.a(lwp.o)
                0x0000000080016e34                LWP_GetSelf
 .text.LWP_InitQueue
                0x0000000080016e5c      0x148 /opt/devkitpro/libogc/lib/wii/libogc.a(lwp.o)
                0x0000000080016e5c                LWP_InitQueue
 .text.LWP_CloseQueue
                0x0000000080016fa4       0xd4 /opt/devkitpro/libogc/lib/wii/libogc.a(lwp.o)
                0x0000000080016fa4                LWP_CloseQueue
 .text.LWP_ThreadSleep
                0x0000000080017078      0x110 /opt/devkitpro/libogc/lib/wii/libogc.a(lwp.o)
                0x0000000080017078                LWP_ThreadSleep
 .text.LWP_ThreadBroadcast
                0x0000000080017188       0x88 /opt/devkitpro/libogc/lib/wii/libogc.a(lwp.o)
                0x0000000080017188                LWP_ThreadBroadcast
 .text.LWP_ThreadSignal
                0x0000000080017210       0x74 /opt/devkitpro/libogc/lib/wii/libogc.a(lwp.o)
                0x0000000080017210                LWP_ThreadSignal
 .text.__lwp_stack_allocate
                0x0000000080017284       0x60 /opt/devkitpro/libogc/lib/wii/libogc.a(lwp_stack.o)
                0x0000000080017284                __lwp_stack_allocate
 .text.__lwp_stack_free
                0x00000000800172e4       0x1c /opt/devkitpro/libogc/lib/wii/libogc.a(lwp_stack.o)
                0x00000000800172e4                __lwp_stack_free
 .text.__lwp_wd_settimer
                0x0000000080017300       0xe0 /opt/devkitpro/libogc/lib/wii/libogc.a(lwp_watchdog.o)
 .text.__lwp_watchdog_init
                0x00000000800173e0       0x2c /opt/devkitpro/libogc/lib/wii/libogc.a(lwp_watchdog.o)
                0x00000000800173e0                __lwp_watchdog_init
 .text.__lwp_wd_insert
                0x000000008001740c      0x194 /opt/devkitpro/libogc/lib/wii/libogc.a(lwp_watchdog.o)
                0x000000008001740c                __lwp_wd_insert
 .text.__lwp_wd_remove
                0x00000000800175a0      0x138 /opt/devkitpro/libogc/lib/wii/libogc.a(lwp_watchdog.o)
                0x00000000800175a0                __lwp_wd_remove
 .text.__lwp_wd_tickle
                0x00000000800176d8      0x120 /opt/devkitpro/libogc/lib/wii/libogc.a(lwp_watchdog.o)
                0x00000000800176d8                __lwp_wd_tickle
 .text.__lwp_wkspace_init
                0x00000000800177f8       0xc0 /opt/devkitpro/libogc/lib/wii/libogc.a(lwp_wkspace.o)
                0x00000000800177f8                __lwp_wkspace_init
 .text.__lwp_objmgr_initinfo
                0x00000000800178b8      0x1a0 /opt/devkitpro/libogc/lib/wii/libogc.a(lwp_objmgr.o)
                0x00000000800178b8                __lwp_objmgr_initinfo
 .text.__lwp_objmgr_getisrdisable
                0x0000000080017a58       0x60 /opt/devkitpro/libogc/lib/wii/libogc.a(lwp_objmgr.o)
                0x0000000080017a58                __lwp_objmgr_getisrdisable
 .text.__lwp_objmgr_getnoprotection
                0x0000000080017ab8       0x24 /opt/devkitpro/libogc/lib/wii/libogc.a(lwp_objmgr.o)
                0x0000000080017ab8                __lwp_objmgr_getnoprotection
 .text.__lwp_objmgr_get
                0x0000000080017adc       0x70 /opt/devkitpro/libogc/lib/wii/libogc.a(lwp_objmgr.o)
                0x0000000080017adc                __lwp_objmgr_get
 .text.__lwp_objmgr_allocate
                0x0000000080017b4c       0x88 /opt/devkitpro/libogc/lib/wii/libogc.a(lwp_objmgr.o)
                0x0000000080017b4c                __lwp_objmgr_allocate
 .text.__lwp_objmgr_free
                0x0000000080017bd4       0x60 /opt/devkitpro/libogc/lib/wii/libogc.a(lwp_objmgr.o)
                0x0000000080017bd4                __lwp_objmgr_free
 .text.__lwp_heap_init
                0x0000000080017c34       0xa4 /opt/devkitpro/libogc/lib/wii/libogc.a(lwp_heap.o)
                0x0000000080017c34                __lwp_heap_init
 .text.__lwp_heap_allocate
                0x0000000080017cd8      0x16c /opt/devkitpro/libogc/lib/wii/libogc.a(lwp_heap.o)
                0x0000000080017cd8                __lwp_heap_allocate
 .text.__lwp_heap_free
                0x0000000080017e44      0x188 /opt/devkitpro/libogc/lib/wii/libogc.a(lwp_heap.o)
                0x0000000080017e44                __lwp_heap_free
 .text.__SetInterrupts
                0x0000000080017fcc      0x27c /opt/devkitpro/libogc/lib/wii/libogc.a(irq.o)
 .text.c_irqdispatcher
                0x0000000080018248      0x28c /opt/devkitpro/libogc/lib/wii/libogc.a(irq.o)
                0x0000000080018248                c_irqdispatcher
 .text.__UnmaskIrq
                0x00000000800184d4       0x84 /opt/devkitpro/libogc/lib/wii/libogc.a(irq.o)
                0x00000000800184d4                __UnmaskIrq
 .text.__MaskIrq
                0x0000000080018558       0x84 /opt/devkitpro/libogc/lib/wii/libogc.a(irq.o)
                0x0000000080018558                __MaskIrq
 .text.__irq_init
                0x00000000800185dc       0x9c /opt/devkitpro/libogc/lib/wii/libogc.a(irq.o)
                0x00000000800185dc                __irq_init
 .text.IRQ_Request
                0x0000000080018678       0x50 /opt/devkitpro/libogc/lib/wii/libogc.a(irq.o)
                0x0000000080018678                IRQ_Request
 .text.IRQ_GetHandler
                0x00000000800186c8       0x44 /opt/devkitpro/libogc/lib/wii/libogc.a(irq.o)
                0x00000000800186c8                IRQ_GetHandler
 .text.IRQ_Disable
                0x000000008001870c       0x1c /opt/devkitpro/libogc/lib/wii/libogc.a(irq.o)
                0x000000008001870c                IRQ_Disable
 .text.IRQ_Restore
                0x0000000080018728       0x1c /opt/devkitpro/libogc/lib/wii/libogc.a(irq.o)
                0x0000000080018728                IRQ_Restore
 .text.__VISendI2CData.constprop.0.isra.0
                0x0000000080018744      0x450 /opt/devkitpro/libogc/lib/wii/libogc.a(video.o)
 .text.__setFbbRegs.constprop.0
                0x0000000080018b94      0x188 /opt/devkitpro/libogc/lib/wii/libogc.a(video.o)
 .text.__VISetYUVSEL
                0x0000000080018d1c       0xc0 /opt/devkitpro/libogc/lib/wii/libogc.a(video.o)
 .text.VIDEO_Configure
                0x0000000080018ddc      0x5e0 /opt/devkitpro/libogc/lib/wii/libogc.a(video.o)
                0x0000000080018ddc                VIDEO_Configure
 .text.VIDEO_WaitVSync
                0x00000000800193bc       0x74 /opt/devkitpro/libogc/lib/wii/libogc.a(video.o)
                0x00000000800193bc                VIDEO_WaitVSync
 .text.VIDEO_SetFramebuffer
                0x0000000080019430      0x108 /opt/devkitpro/libogc/lib/wii/libogc.a(video.o)
                0x0000000080019430                VIDEO_SetFramebuffer
 .text.VIDEO_SetNextFramebuffer
                0x0000000080019538       0x70 /opt/devkitpro/libogc/lib/wii/libogc.a(video.o)
                0x0000000080019538                VIDEO_SetNextFramebuffer
 .text.VIDEO_Flush
                0x00000000800195a8       0xf4 /opt/devkitpro/libogc/lib/wii/libogc.a(video.o)
                0x00000000800195a8                VIDEO_Flush
 .text.VIDEO_SetBlack
                0x000000008001969c      0x144 /opt/devkitpro/libogc/lib/wii/libogc.a(video.o)
                0x000000008001969c                VIDEO_SetBlack
 .text.VIDEO_GetCurrentTvMode
                0x00000000800197e0       0x7c /opt/devkitpro/libogc/lib/wii/libogc.a(video.o)
                0x00000000800197e0                VIDEO_GetCurrentTvMode
 .text.__VIRetraceHandler
                0x000000008001985c      0x294 /opt/devkitpro/libogc/lib/wii/libogc.a(video.o)
 .text.__VISetupEncoder
                0x0000000080019af0      0x2cc /opt/devkitpro/libogc/lib/wii/libogc.a(video.o)
 .text.VIDEO_Init
                0x0000000080019dbc      0x4cc /opt/devkitpro/libogc/lib/wii/libogc.a(video.o)
                0x0000000080019dbc                VIDEO_Init
 .text.VIDEO_GetPreferredMode
                0x000000008001a288      0x100 /opt/devkitpro/libogc/lib/wii/libogc.a(video.o)
                0x000000008001a288                VIDEO_GetPreferredMode
 .text.VIDEO_GetCurrentLine
                0x000000008001a388       0x9c /opt/devkitpro/libogc/lib/wii/libogc.a(video.o)
                0x000000008001a388                VIDEO_GetCurrentLine
 .text.VIDEO_GetFrameBufferSize
                0x000000008001a424       0x30 /opt/devkitpro/libogc/lib/wii/libogc.a(video.o)
                0x000000008001a424                VIDEO_GetFrameBufferSize
 .text.__call_resetfuncs
                0x000000008001a454       0xbc /opt/devkitpro/libogc/lib/wii/libogc.a(system.o)
 .text.__MEMInterruptHandler
                0x000000008001a510       0x14 /opt/devkitpro/libogc/lib/wii/libogc.a(system.o)
 .text.__RSWDefaultHandler
                0x000000008001a524        0x4 /opt/devkitpro/libogc/lib/wii/libogc.a(system.o)
 .text.__POWDefaultHandler
                0x000000008001a528        0x4 /opt/devkitpro/libogc/lib/wii/libogc.a(system.o)
 .text.__STMEventHandler
                0x000000008001a52c      0x104 /opt/devkitpro/libogc/lib/wii/libogc.a(system.o)
 .text.__sys_alarmhandler
                0x000000008001a630       0xfc /opt/devkitpro/libogc/lib/wii/libogc.a(system.o)
 .text.__getrtc
                0x000000008001a72c      0x150 /opt/devkitpro/libogc/lib/wii/libogc.a(system.o)
 .text.__sram_write
                0x000000008001a87c      0x148 /opt/devkitpro/libogc/lib/wii/libogc.a(system.o)
 .text.__sram_writecallback
                0x000000008001a9c4       0x54 /opt/devkitpro/libogc/lib/wii/libogc.a(system.o)
 .text.__mem_onreset
                0x000000008001aa18       0x48 /opt/devkitpro/libogc/lib/wii/libogc.a(system.o)
 .text.__unlocksram
                0x000000008001aa60      0x180 /opt/devkitpro/libogc/lib/wii/libogc.a(system.o)
 .text.__syscall_sbrk_r
                0x000000008001abe0        0x4 /opt/devkitpro/libogc/lib/wii/libogc.a(system.o)
                0x000000008001abe0                __syscall_sbrk_r
 .text.__syscall_lock_init
                0x000000008001abe4        0x4 /opt/devkitpro/libogc/lib/wii/libogc.a(system.o)
                0x000000008001abe4                __syscall_lock_init
 .text.__syscall_lock_close
                0x000000008001abe8        0x4 /opt/devkitpro/libogc/lib/wii/libogc.a(system.o)
                0x000000008001abe8                __syscall_lock_close
 .text.__syscall_lock_release
                0x000000008001abec        0x4 /opt/devkitpro/libogc/lib/wii/libogc.a(system.o)
                0x000000008001abec                __syscall_lock_release
 .text.__syscall_lock_acquire
                0x000000008001abf0        0x4 /opt/devkitpro/libogc/lib/wii/libogc.a(system.o)
                0x000000008001abf0                __syscall_lock_acquire
 .text.__syscall_malloc_lock
                0x000000008001abf4        0x4 /opt/devkitpro/libogc/lib/wii/libogc.a(system.o)
                0x000000008001abf4                __syscall_malloc_lock
 .text.__syscall_malloc_unlock
                0x000000008001abf8        0x4 /opt/devkitpro/libogc/lib/wii/libogc.a(system.o)
                0x000000008001abf8                __syscall_malloc_unlock
 .text.__syscall_gettod_r
                0x000000008001abfc        0x4 /opt/devkitpro/libogc/lib/wii/libogc.a(system.o)
                0x000000008001abfc                __syscall_gettod_r
 .text.__syscall_nanosleep
                0x000000008001ac00        0x4 /opt/devkitpro/libogc/lib/wii/libogc.a(system.o)
                0x000000008001ac00                __syscall_nanosleep
 .text.__SYS_GetRTC
                0x000000008001ac04       0xd4 /opt/devkitpro/libogc/lib/wii/libogc.a(system.o)
                0x000000008001ac04                __SYS_GetRTC
 .text.__SYS_GetIPCBufferLo
                0x000000008001acd8        0x8 /opt/devkitpro/libogc/lib/wii/libogc.a(system.o)
                0x000000008001acd8                __SYS_GetIPCBufferLo
 .text.__SYS_GetIPCBufferHi
                0x000000008001ace0        0x8 /opt/devkitpro/libogc/lib/wii/libogc.a(system.o)
                0x000000008001ace0                __SYS_GetIPCBufferHi
 .text.__SYS_DoPowerCB
                0x000000008001ace8       0x74 /opt/devkitpro/libogc/lib/wii/libogc.a(system.o)
                0x000000008001ace8                __SYS_DoPowerCB
 .text.__SYS_PreInit
                0x000000008001ad5c        0x4 /opt/devkitpro/libogc/lib/wii/libogc.a(system.o)
                0x000000008001ad5c                __SYS_PreInit
 .text.SYS_PreMain
                0x000000008001ad60       0xc8 /opt/devkitpro/libogc/lib/wii/libogc.a(system.o)
                0x000000008001ad60                SYS_PreMain
 .text.SYS_ResetButtonDown
                0x000000008001ae28       0x18 /opt/devkitpro/libogc/lib/wii/libogc.a(system.o)
                0x000000008001ae28                SYS_ResetButtonDown
 .text.SYS_ResetSystem
                0x000000008001ae40      0x210 /opt/devkitpro/libogc/lib/wii/libogc.a(system.o)
                0x000000008001ae40                SYS_ResetSystem
 .text.__reload
                0x000000008001b050       0x80 /opt/devkitpro/libogc/lib/wii/libogc.a(system.o)
                0x000000008001b050                __reload
 .text.__syscall_exit
                0x000000008001b0d0       0x88 /opt/devkitpro/libogc/lib/wii/libogc.a(system.o)
                0x000000008001b0d0                __syscall_exit
 .text.SYS_RegisterResetFunc
                0x000000008001b158       0x78 /opt/devkitpro/libogc/lib/wii/libogc.a(system.o)
                0x000000008001b158                SYS_RegisterResetFunc
 .text.SYS_SetArena1Lo
                0x000000008001b1d0       0x38 /opt/devkitpro/libogc/lib/wii/libogc.a(system.o)
                0x000000008001b1d0                SYS_SetArena1Lo
 .text.SYS_GetArena1Lo
                0x000000008001b208       0x38 /opt/devkitpro/libogc/lib/wii/libogc.a(system.o)
                0x000000008001b208                SYS_GetArena1Lo
 .text.SYS_GetArena1Hi
                0x000000008001b240       0x38 /opt/devkitpro/libogc/lib/wii/libogc.a(system.o)
                0x000000008001b240                SYS_GetArena1Hi
 .text.SYS_SetArena2Lo
                0x000000008001b278       0x38 /opt/devkitpro/libogc/lib/wii/libogc.a(system.o)
                0x000000008001b278                SYS_SetArena2Lo
 .text.SYS_GetArena2Lo
                0x000000008001b2b0       0x38 /opt/devkitpro/libogc/lib/wii/libogc.a(system.o)
                0x000000008001b2b0                SYS_GetArena2Lo
 .text.SYS_SetArena2Hi
                0x000000008001b2e8       0x38 /opt/devkitpro/libogc/lib/wii/libogc.a(system.o)
                0x000000008001b2e8                SYS_SetArena2Hi
 .text.SYS_GetArena2Hi
                0x000000008001b320       0x38 /opt/devkitpro/libogc/lib/wii/libogc.a(system.o)
                0x000000008001b320                SYS_GetArena2Hi
 .text.SYS_AllocateFramebuffer
                0x000000008001b358       0x28 /opt/devkitpro/libogc/lib/wii/libogc.a(system.o)
                0x000000008001b358                SYS_AllocateFramebuffer
 .text.SYS_CreateAlarm
                0x000000008001b380      0x10c /opt/devkitpro/libogc/lib/wii/libogc.a(system.o)
                0x000000008001b380                SYS_CreateAlarm
 .text.SYS_SetAlarm
                0x000000008001b48c      0x1b0 /opt/devkitpro/libogc/lib/wii/libogc.a(system.o)
                0x000000008001b48c                SYS_SetAlarm
 .text.SYS_SetPeriodicAlarm
                0x000000008001b63c      0x228 /opt/devkitpro/libogc/lib/wii/libogc.a(system.o)
                0x000000008001b63c                SYS_SetPeriodicAlarm
 .text.SYS_RemoveAlarm
                0x000000008001b864      0x12c /opt/devkitpro/libogc/lib/wii/libogc.a(system.o)
                0x000000008001b864                SYS_RemoveAlarm
 .text.SYS_CancelAlarm
                0x000000008001b990       0xdc /opt/devkitpro/libogc/lib/wii/libogc.a(system.o)
                0x000000008001b990                SYS_CancelAlarm
 .text.SYS_GetWirelessID
                0x000000008001ba6c       0x90 /opt/devkitpro/libogc/lib/wii/libogc.a(system.o)
                0x000000008001ba6c                SYS_GetWirelessID
 .text.SYS_SetWirelessID
                0x000000008001bafc       0x90 /opt/devkitpro/libogc/lib/wii/libogc.a(system.o)
                0x000000008001bafc                SYS_SetWirelessID
 .text.SYS_SetGBSMode
                0x000000008001bb8c       0xa8 /opt/devkitpro/libogc/lib/wii/libogc.a(system.o)
                0x000000008001bb8c                SYS_SetGBSMode
 .text.__sram_init
                0x000000008001bc34      0x1b4 /opt/devkitpro/libogc/lib/wii/libogc.a(system.o)
                0x000000008001bc34                __sram_init
 .text.SYS_Init
                0x000000008001bde8      0x5f0 /opt/devkitpro/libogc/lib/wii/libogc.a(system.o)
                0x000000008001bde8                SYS_Init
 .text.SYS_GetHollywoodRevision
                0x000000008001c3d8       0x3c /opt/devkitpro/libogc/lib/wii/libogc.a(system.o)
                0x000000008001c3d8                SYS_GetHollywoodRevision
 .text.__lwp_cond_init
                0x000000008001c414       0x14 /opt/devkitpro/libogc/lib/wii/libogc.a(cond.o)
                0x000000008001c414                __lwp_cond_init
 .text.__GX_InitRevBits
                0x000000008001c428       0x9c /opt/devkitpro/libogc/lib/wii/libogc.a(gx.o)
 .text.__GXTokenInterruptHandler
                0x000000008001c4c4       0x68 /opt/devkitpro/libogc/lib/wii/libogc.a(gx.o)
 .text.__GXDefTexRegionCallback
                0x000000008001c52c       0x80 /opt/devkitpro/libogc/lib/wii/libogc.a(gx.o)
 .text.__GXDefTlutRegionCallback
                0x000000008001c5ac       0x18 /opt/devkitpro/libogc/lib/wii/libogc.a(gx.o)
 .text.__SetSURegs
                0x000000008001c5c4       0x90 /opt/devkitpro/libogc/lib/wii/libogc.a(gx.o)
 .text.__SETVCDATTR
                0x000000008001c654      0x230 /opt/devkitpro/libogc/lib/wii/libogc.a(gx.o)
 .text.__SETVCDFMT
                0x000000008001c884      0x4a4 /opt/devkitpro/libogc/lib/wii/libogc.a(gx.o)
 .text.__GXCPInterruptHandler
                0x000000008001cd28      0x17c /opt/devkitpro/libogc/lib/wii/libogc.a(gx.o)
 .text.__GXFinishInterruptHandler
                0x000000008001cea4       0x58 /opt/devkitpro/libogc/lib/wii/libogc.a(gx.o)
 .text.GX_SetTexCoordGen2.part.0
                0x000000008001cefc      0x258 /opt/devkitpro/libogc/lib/wii/libogc.a(gx.o)
 .text.GX_InitTexObj.part.0
                0x000000008001d154      0x1d8 /opt/devkitpro/libogc/lib/wii/libogc.a(gx.o)
 .text.__GX_SetDirtyState
                0x000000008001d32c      0x614 /opt/devkitpro/libogc/lib/wii/libogc.a(gx.o)
 .text.GX_SetCPUFifo
                0x000000008001d940      0x248 /opt/devkitpro/libogc/lib/wii/libogc.a(gx.o)
                0x000000008001d940                GX_SetCPUFifo
 .text.GX_SetGPFifo
                0x000000008001db88      0x308 /opt/devkitpro/libogc/lib/wii/libogc.a(gx.o)
                0x000000008001db88                GX_SetGPFifo
 .text.GX_AbortFrame
                0x000000008001de90      0x3c8 /opt/devkitpro/libogc/lib/wii/libogc.a(gx.o)
                0x000000008001de90                GX_AbortFrame
 .text.__gx_onreset
                0x000000008001e258       0x7c /opt/devkitpro/libogc/lib/wii/libogc.a(gx.o)
 .text.GX_DrawDone
                0x000000008001e2d4       0xf8 /opt/devkitpro/libogc/lib/wii/libogc.a(gx.o)
                0x000000008001e2d4                GX_DrawDone
 .text.GX_SetViewport
                0x000000008001e3cc       0x78 /opt/devkitpro/libogc/lib/wii/libogc.a(gx.o)
                0x000000008001e3cc                GX_SetViewport
 .text.GX_LoadProjectionMtx
                0x000000008001e444       0xf0 /opt/devkitpro/libogc/lib/wii/libogc.a(gx.o)
                0x000000008001e444                GX_LoadProjectionMtx
 .text.GX_SetCopyClear
                0x000000008001e534       0x4c /opt/devkitpro/libogc/lib/wii/libogc.a(gx.o)
                0x000000008001e534                GX_SetCopyClear
 .text.GX_SetDispCopyGamma
                0x000000008001e580       0x18 /opt/devkitpro/libogc/lib/wii/libogc.a(gx.o)
                0x000000008001e580                GX_SetDispCopyGamma
 .text.GX_SetCopyFilter
                0x000000008001e598      0x268 /opt/devkitpro/libogc/lib/wii/libogc.a(gx.o)
                0x000000008001e598                GX_SetCopyFilter
 .text.GX_SetDispCopyYScale
                0x000000008001e800       0xf8 /opt/devkitpro/libogc/lib/wii/libogc.a(gx.o)
                0x000000008001e800                GX_SetDispCopyYScale
 .text.GX_SetDispCopyDst
                0x000000008001e8f8       0x20 /opt/devkitpro/libogc/lib/wii/libogc.a(gx.o)
                0x000000008001e8f8                GX_SetDispCopyDst
 .text.GX_SetDispCopySrc
                0x000000008001e918       0x38 /opt/devkitpro/libogc/lib/wii/libogc.a(gx.o)
                0x000000008001e918                GX_SetDispCopySrc
 .text.GX_CopyDisp
                0x000000008001e950      0x12c /opt/devkitpro/libogc/lib/wii/libogc.a(gx.o)
                0x000000008001e950                GX_CopyDisp
 .text.GX_SetVtxDesc
                0x000000008001ea7c       0x34 /opt/devkitpro/libogc/lib/wii/libogc.a(gx.o)
                0x000000008001ea7c                GX_SetVtxDesc
 .text.GX_SetVtxAttrFmt
                0x000000008001eab0       0x54 /opt/devkitpro/libogc/lib/wii/libogc.a(gx.o)
                0x000000008001eab0                GX_SetVtxAttrFmt
 .text.GX_SetTexCoordGen
                0x000000008001eb04       0x14 /opt/devkitpro/libogc/lib/wii/libogc.a(gx.o)
                0x000000008001eb04                GX_SetTexCoordGen
 .text.GX_LoadPosMtxImm
                0x000000008001eb18       0x50 /opt/devkitpro/libogc/lib/wii/libogc.a(gx.o)
                0x000000008001eb18                GX_LoadPosMtxImm
 .text.GX_SetNumTexGens
                0x000000008001eb68       0x28 /opt/devkitpro/libogc/lib/wii/libogc.a(gx.o)
                0x000000008001eb68                GX_SetNumTexGens
 .text.GX_InvVtxCache
                0x000000008001eb90       0x14 /opt/devkitpro/libogc/lib/wii/libogc.a(gx.o)
                0x000000008001eb90                GX_InvVtxCache
 .text.GX_SetZMode
                0x000000008001eba4       0x38 /opt/devkitpro/libogc/lib/wii/libogc.a(gx.o)
                0x000000008001eba4                GX_SetZMode
 .text.GX_InitTexObj
                0x000000008001ebdc        0xc /opt/devkitpro/libogc/lib/wii/libogc.a(gx.o)
                0x000000008001ebdc                GX_InitTexObj
 .text.GX_InitTexObjLOD
                0x000000008001ebe8      0x214 /opt/devkitpro/libogc/lib/wii/libogc.a(gx.o)
                0x000000008001ebe8                GX_InitTexObjLOD
 .text.GX_LoadTexObjPreloaded
                0x000000008001edfc      0x158 /opt/devkitpro/libogc/lib/wii/libogc.a(gx.o)
                0x000000008001edfc                GX_LoadTexObjPreloaded
 .text.GX_LoadTexObj
                0x000000008001ef54       0x5c /opt/devkitpro/libogc/lib/wii/libogc.a(gx.o)
                0x000000008001ef54                GX_LoadTexObj
 .text.GX_InvalidateTexAll
                0x000000008001efb0       0x50 /opt/devkitpro/libogc/lib/wii/libogc.a(gx.o)
                0x000000008001efb0                GX_InvalidateTexAll
 .text.GX_SetBlendMode
                0x000000008001f000       0xa0 /opt/devkitpro/libogc/lib/wii/libogc.a(gx.o)
                0x000000008001f000                GX_SetBlendMode
 .text.GX_ClearVtxDesc
                0x000000008001f0a0       0x38 /opt/devkitpro/libogc/lib/wii/libogc.a(gx.o)
                0x000000008001f0a0                GX_ClearVtxDesc
 .text.GX_SetTevColorIn
                0x000000008001f0d8       0x44 /opt/devkitpro/libogc/lib/wii/libogc.a(gx.o)
                0x000000008001f0d8                GX_SetTevColorIn
 .text.GX_SetTevAlphaIn
                0x000000008001f11c       0x44 /opt/devkitpro/libogc/lib/wii/libogc.a(gx.o)
                0x000000008001f11c                GX_SetTevAlphaIn
 .text.GX_SetTevColorOp
                0x000000008001f160       0x98 /opt/devkitpro/libogc/lib/wii/libogc.a(gx.o)
                0x000000008001f160                GX_SetTevColorOp
 .text.GX_SetTevAlphaOp
                0x000000008001f1f8       0x98 /opt/devkitpro/libogc/lib/wii/libogc.a(gx.o)
                0x000000008001f1f8                GX_SetTevAlphaOp
 .text.GX_SetTevOp
                0x000000008001f290      0x168 /opt/devkitpro/libogc/lib/wii/libogc.a(gx.o)
                0x000000008001f290                GX_SetTevOp
 .text.GX_SetCullMode
                0x000000008001f3f8       0x2c /opt/devkitpro/libogc/lib/wii/libogc.a(gx.o)
                0x000000008001f3f8                GX_SetCullMode
 .text.GX_SetScissor
                0x000000008001f424       0x78 /opt/devkitpro/libogc/lib/wii/libogc.a(gx.o)
                0x000000008001f424                GX_SetScissor
 .text.GX_SetNumChans
                0x000000008001f49c       0x28 /opt/devkitpro/libogc/lib/wii/libogc.a(gx.o)
                0x000000008001f49c                GX_SetNumChans
 .text.GX_SetTevOrder
                0x000000008001f4c4      0x17c /opt/devkitpro/libogc/lib/wii/libogc.a(gx.o)
                0x000000008001f4c4                GX_SetTevOrder
 .text.GX_SetTevKColorSel
                0x000000008001f640       0x54 /opt/devkitpro/libogc/lib/wii/libogc.a(gx.o)
                0x000000008001f640                GX_SetTevKColorSel
 .text.GX_SetTevKAlphaSel
                0x000000008001f694       0x54 /opt/devkitpro/libogc/lib/wii/libogc.a(gx.o)
                0x000000008001f694                GX_SetTevKAlphaSel
 .text.GX_SetTevSwapModeTable
                0x000000008001f6e8       0x64 /opt/devkitpro/libogc/lib/wii/libogc.a(gx.o)
                0x000000008001f6e8                GX_SetTevSwapModeTable
 .text.GX_SetFog
                0x000000008001f74c      0x230 /opt/devkitpro/libogc/lib/wii/libogc.a(gx.o)
                0x000000008001f74c                GX_SetFog
 .text.GX_SetColorUpdate
                0x000000008001f97c       0x30 /opt/devkitpro/libogc/lib/wii/libogc.a(gx.o)
                0x000000008001f97c                GX_SetColorUpdate
 .text.GX_SetAlphaUpdate
                0x000000008001f9ac       0x30 /opt/devkitpro/libogc/lib/wii/libogc.a(gx.o)
                0x000000008001f9ac                GX_SetAlphaUpdate
 .text.GX_SetPixelFmt
                0x000000008001f9dc       0xe0 /opt/devkitpro/libogc/lib/wii/libogc.a(gx.o)
                0x000000008001f9dc                GX_SetPixelFmt
 .text.GX_SetFieldMode
                0x000000008001fabc       0x58 /opt/devkitpro/libogc/lib/wii/libogc.a(gx.o)
                0x000000008001fabc                GX_SetFieldMode
 .text.GX_SetGPMetric
                0x000000008001fb14      0x7fc /opt/devkitpro/libogc/lib/wii/libogc.a(gx.o)
                0x000000008001fb14                GX_SetGPMetric
 .text.GX_Init  0x0000000080020310     0x1168 /opt/devkitpro/libogc/lib/wii/libogc.a(gx.o)
                0x0000000080020310                GX_Init
 .text.GX_GetYScaleFactor
                0x0000000080021478      0x2b4 /opt/devkitpro/libogc/lib/wii/libogc.a(gx.o)
                0x0000000080021478                GX_GetYScaleFactor
 .text.guOrtho  0x000000008002172c       0x98 /opt/devkitpro/libogc/lib/wii/libogc.a(gu.o)
                0x000000008002172c                guOrtho
 .text.__decrementer_init
                0x00000000800217c4        0x4 /opt/devkitpro/libogc/lib/wii/libogc.a(decrementer.o)
                0x00000000800217c4                __decrementer_init
 .text.c_decrementer_handler
                0x00000000800217c8        0xc /opt/devkitpro/libogc/lib/wii/libogc.a(decrementer.o)
                0x00000000800217c8                c_decrementer_handler
 .text.__lwp_mqbox_init
                0x00000000800217d4       0x14 /opt/devkitpro/libogc/lib/wii/libogc.a(message.o)
                0x00000000800217d4                __lwp_mqbox_init
 .text.__si_transfer
                0x00000000800217e8      0x188 /opt/devkitpro/libogc/lib/wii/libogc.a(si.o)
 .text.__si_alarmhandler
                0x0000000080021970       0xe0 /opt/devkitpro/libogc/lib/wii/libogc.a(si.o)
 .text.__si_completetransfer
                0x0000000080021a50      0x1f4 /opt/devkitpro/libogc/lib/wii/libogc.a(si.o)
 .text.__si_transfernext
                0x0000000080021c44       0xe8 /opt/devkitpro/libogc/lib/wii/libogc.a(si.o)
 .text.SI_Busy  0x0000000080021d2c       0x18 /opt/devkitpro/libogc/lib/wii/libogc.a(si.o)
                0x0000000080021d2c                SI_Busy
 .text.SI_IsChanBusy
                0x0000000080021d44       0x38 /opt/devkitpro/libogc/lib/wii/libogc.a(si.o)
                0x0000000080021d44                SI_IsChanBusy
 .text.SI_SetXY
                0x0000000080021d7c       0x64 /opt/devkitpro/libogc/lib/wii/libogc.a(si.o)
                0x0000000080021d7c                SI_SetXY
 .text.SI_EnablePolling
                0x0000000080021de0       0x80 /opt/devkitpro/libogc/lib/wii/libogc.a(si.o)
                0x0000000080021de0                SI_EnablePolling
 .text.SI_DisablePolling
                0x0000000080021e60       0x58 /opt/devkitpro/libogc/lib/wii/libogc.a(si.o)
                0x0000000080021e60                SI_DisablePolling
 .text.SI_SetSamplingRate
                0x0000000080021eb8       0xdc /opt/devkitpro/libogc/lib/wii/libogc.a(si.o)
                0x0000000080021eb8                SI_SetSamplingRate
 .text.SI_RefreshSamplingRate
                0x0000000080021f94        0x8 /opt/devkitpro/libogc/lib/wii/libogc.a(si.o)
                0x0000000080021f94                SI_RefreshSamplingRate
 .text.SI_GetStatus
                0x0000000080021f9c       0x78 /opt/devkitpro/libogc/lib/wii/libogc.a(si.o)
                0x0000000080021f9c                SI_GetStatus
 .text.SI_GetResponseRaw
                0x0000000080022014       0xe8 /opt/devkitpro/libogc/lib/wii/libogc.a(si.o)
                0x0000000080022014                SI_GetResponseRaw
 .text.SI_GetResponse
                0x00000000800220fc       0xb8 /opt/devkitpro/libogc/lib/wii/libogc.a(si.o)
                0x00000000800220fc                SI_GetResponse
 .text.SI_SetCommand
                0x00000000800221b4       0x10 /opt/devkitpro/libogc/lib/wii/libogc.a(si.o)
                0x00000000800221b4                SI_SetCommand
 .text.SI_Transfer
                0x00000000800221c4      0x250 /opt/devkitpro/libogc/lib/wii/libogc.a(si.o)
                0x00000000800221c4                SI_Transfer
 .text.__si_gettypecallback
                0x0000000080022414      0x2c0 /opt/devkitpro/libogc/lib/wii/libogc.a(si.o)
 .text.__si_interrupthandler
                0x00000000800226d4      0x26c /opt/devkitpro/libogc/lib/wii/libogc.a(si.o)
 .text.SI_GetType
                0x0000000080022940      0x1f4 /opt/devkitpro/libogc/lib/wii/libogc.a(si.o)
                0x0000000080022940                SI_GetType
 .text.SI_GetTypeAsync
                0x0000000080022b34      0x138 /opt/devkitpro/libogc/lib/wii/libogc.a(si.o)
                0x0000000080022b34                SI_GetTypeAsync